../Core/Src/main.c:77:6:setupTxCAN	4	static
../Core/Src/main.c:96:6:setupRxCAN	8	static
../Core/Src/main.c:113:6:txCAN	16	static
../Core/Src/main.c:129:6:HAL_CAN_RxFifo0MsgPendingCallback	16	static
../Core/Src/main.c:150:5:main	8	static
../Core/Src/main.c:269:6:SystemClock_Config	88	static
../Core/Src/main.c:316:13:MX_ADC1_Init	24	static
../Core/Src/main.c:363:13:MX_ADC2_Init	24	static
../Core/Src/main.c:410:13:MX_CAN_Init	8	static
../Core/Src/main.c:453:13:MX_GPIO_Init	40	static
../Core/Src/main.c:492:6:Error_Handler	4	static,ignoring_inline_asm
