Archive member included to satisfy reference by file (symbol)

C:/ST/STM32CubeIDE_1.14.1/STM32CubeIDE/plugins/com.st.stm32cube.ide.mcu.externaltools.gnu-tools-for-stm32.12.3.rel1.win32_1.0.100.202403111256/tools/bin/../lib/gcc/arm-none-eabi/12.3.1/../../../../arm-none-eabi/lib/thumb/v7-m/nofp\libc_nano.a(libc_a-exit.o)
                              C:/ST/STM32CubeIDE_1.14.1/STM32CubeIDE/plugins/com.st.stm32cube.ide.mcu.externaltools.gnu-tools-for-stm32.12.3.rel1.win32_1.0.100.202403111256/tools/bin/../lib/gcc/arm-none-eabi/12.3.1/../../../../arm-none-eabi/lib/thumb/v7-m/nofp/crt0.o (exit)
C:/ST/STM32CubeIDE_1.14.1/STM32CubeIDE/plugins/com.st.stm32cube.ide.mcu.externaltools.gnu-tools-for-stm32.12.3.rel1.win32_1.0.100.202403111256/tools/bin/../lib/gcc/arm-none-eabi/12.3.1/../../../../arm-none-eabi/lib/thumb/v7-m/nofp\libc_nano.a(libc_a-findfp.o)
                              C:/ST/STM32CubeIDE_1.14.1/STM32CubeIDE/plugins/com.st.stm32cube.ide.mcu.externaltools.gnu-tools-for-stm32.12.3.rel1.win32_1.0.100.202403111256/tools/bin/../lib/gcc/arm-none-eabi/12.3.1/../../../../arm-none-eabi/lib/thumb/v7-m/nofp\libc_nano.a(libc_a-exit.o) (__stdio_exit_handler)
C:/ST/STM32CubeIDE_1.14.1/STM32CubeIDE/plugins/com.st.stm32cube.ide.mcu.externaltools.gnu-tools-for-stm32.12.3.rel1.win32_1.0.100.202403111256/tools/bin/../lib/gcc/arm-none-eabi/12.3.1/../../../../arm-none-eabi/lib/thumb/v7-m/nofp\libc_nano.a(libc_a-fwalk.o)
                              C:/ST/STM32CubeIDE_1.14.1/STM32CubeIDE/plugins/com.st.stm32cube.ide.mcu.externaltools.gnu-tools-for-stm32.12.3.rel1.win32_1.0.100.202403111256/tools/bin/../lib/gcc/arm-none-eabi/12.3.1/../../../../arm-none-eabi/lib/thumb/v7-m/nofp\libc_nano.a(libc_a-findfp.o) (_fwalk_sglue)
C:/ST/STM32CubeIDE_1.14.1/STM32CubeIDE/plugins/com.st.stm32cube.ide.mcu.externaltools.gnu-tools-for-stm32.12.3.rel1.win32_1.0.100.202403111256/tools/bin/../lib/gcc/arm-none-eabi/12.3.1/../../../../arm-none-eabi/lib/thumb/v7-m/nofp\libc_nano.a(libc_a-stdio.o)
                              C:/ST/STM32CubeIDE_1.14.1/STM32CubeIDE/plugins/com.st.stm32cube.ide.mcu.externaltools.gnu-tools-for-stm32.12.3.rel1.win32_1.0.100.202403111256/tools/bin/../lib/gcc/arm-none-eabi/12.3.1/../../../../arm-none-eabi/lib/thumb/v7-m/nofp\libc_nano.a(libc_a-findfp.o) (__sread)
C:/ST/STM32CubeIDE_1.14.1/STM32CubeIDE/plugins/com.st.stm32cube.ide.mcu.externaltools.gnu-tools-for-stm32.12.3.rel1.win32_1.0.100.202403111256/tools/bin/../lib/gcc/arm-none-eabi/12.3.1/../../../../arm-none-eabi/lib/thumb/v7-m/nofp\libc_nano.a(libc_a-memset.o)
                              C:/ST/STM32CubeIDE_1.14.1/STM32CubeIDE/plugins/com.st.stm32cube.ide.mcu.externaltools.gnu-tools-for-stm32.12.3.rel1.win32_1.0.100.202403111256/tools/bin/../lib/gcc/arm-none-eabi/12.3.1/../../../../arm-none-eabi/lib/thumb/v7-m/nofp/crt0.o (memset)
C:/ST/STM32CubeIDE_1.14.1/STM32CubeIDE/plugins/com.st.stm32cube.ide.mcu.externaltools.gnu-tools-for-stm32.12.3.rel1.win32_1.0.100.202403111256/tools/bin/../lib/gcc/arm-none-eabi/12.3.1/../../../../arm-none-eabi/lib/thumb/v7-m/nofp\libc_nano.a(libc_a-closer.o)
                              C:/ST/STM32CubeIDE_1.14.1/STM32CubeIDE/plugins/com.st.stm32cube.ide.mcu.externaltools.gnu-tools-for-stm32.12.3.rel1.win32_1.0.100.202403111256/tools/bin/../lib/gcc/arm-none-eabi/12.3.1/../../../../arm-none-eabi/lib/thumb/v7-m/nofp\libc_nano.a(libc_a-stdio.o) (_close_r)
C:/ST/STM32CubeIDE_1.14.1/STM32CubeIDE/plugins/com.st.stm32cube.ide.mcu.externaltools.gnu-tools-for-stm32.12.3.rel1.win32_1.0.100.202403111256/tools/bin/../lib/gcc/arm-none-eabi/12.3.1/../../../../arm-none-eabi/lib/thumb/v7-m/nofp\libc_nano.a(libc_a-reent.o)
                              C:/ST/STM32CubeIDE_1.14.1/STM32CubeIDE/plugins/com.st.stm32cube.ide.mcu.externaltools.gnu-tools-for-stm32.12.3.rel1.win32_1.0.100.202403111256/tools/bin/../lib/gcc/arm-none-eabi/12.3.1/../../../../arm-none-eabi/lib/thumb/v7-m/nofp\libc_nano.a(libc_a-closer.o) (errno)
C:/ST/STM32CubeIDE_1.14.1/STM32CubeIDE/plugins/com.st.stm32cube.ide.mcu.externaltools.gnu-tools-for-stm32.12.3.rel1.win32_1.0.100.202403111256/tools/bin/../lib/gcc/arm-none-eabi/12.3.1/../../../../arm-none-eabi/lib/thumb/v7-m/nofp\libc_nano.a(libc_a-impure.o)
                              C:/ST/STM32CubeIDE_1.14.1/STM32CubeIDE/plugins/com.st.stm32cube.ide.mcu.externaltools.gnu-tools-for-stm32.12.3.rel1.win32_1.0.100.202403111256/tools/bin/../lib/gcc/arm-none-eabi/12.3.1/../../../../arm-none-eabi/lib/thumb/v7-m/nofp\libc_nano.a(libc_a-reent.o) (_impure_ptr)
C:/ST/STM32CubeIDE_1.14.1/STM32CubeIDE/plugins/com.st.stm32cube.ide.mcu.externaltools.gnu-tools-for-stm32.12.3.rel1.win32_1.0.100.202403111256/tools/bin/../lib/gcc/arm-none-eabi/12.3.1/../../../../arm-none-eabi/lib/thumb/v7-m/nofp\libc_nano.a(libc_a-lseekr.o)
[...]
Memory Configuration

Name             Origin             Length             Attributes
RAM              0x20000000         0x00005000         xrw
FLASH            0x08000000         0x00010000         xr
*default*        0x00000000         0xffffffff

Linker script and memory map

LOAD C:/ST/STM32CubeIDE_1.14.1/STM32CubeIDE/plugins/com.st.stm32cube.ide.mcu.externaltools.gnu-tools-for-stm32.12.3.rel1.win32_1.0.100.202403111256/tools/bin/../lib/gcc/arm-none-eabi/12.3.1/thumb/v7-m/nofp/crti.o
LOAD C:/ST/STM32CubeIDE_1.14.1/STM32CubeIDE/plugins/com.st.stm32cube.ide.mcu.externaltools.gnu-tools-for-stm32.12.3.rel1.win32_1.0.100.202403111256/tools/bin/../lib/gcc/arm-none-eabi/12.3.1/thumb/v7-m/nofp/crtbegin.o
LOAD C:/ST/STM32CubeIDE_1.14.1/STM32CubeIDE/plugins/com.st.stm32cube.ide.mcu.externaltools.gnu-tools-for-stm32.12.3.rel1.win32_1.0.100.202403111256/tools/bin/../lib/gcc/arm-none-eabi/12.3.1/../../../../arm-none-eabi/lib/thumb/v7-m/nofp/crt0.o
LOAD ./Core/Src/adc.o
LOAD ./Core/Src/as5048a.o
LOAD ./Core/Src/can.o
LOAD ./Core/Src/dma.o
LOAD ./Core/Src/gpio.o
LOAD ./Core/Src/i2c.o
LOAD ./Core/Src/main.o
LOAD ./Core/Src/pid.o
LOAD ./Core/Src/spi.o
LOAD ./Core/Src/stm32f1xx_hal_msp.o
LOAD ./Core/Src/stm32f1xx_it.o
LOAD ./Core/Src/syscalls.o
LOAD ./Core/Src/sysmem.o
LOAD ./Core/Src/system_stm32f1xx.o
LOAD ./Core/Src/tim.o
LOAD ./Core/Src/tmc_2590.o
LOAD ./Core/Startup/startup_stm32f103c8tx.o
LOAD ./Drivers/AS5048A/Src/stm32f1xx_as5048a.o
LOAD ./Drivers/PID_lib/Src/PID_lib.o
LOAD ./Drivers/STM32F1xx_HAL_Driver/Src/stm32f1xx_hal.o
LOAD ./Drivers/STM32F1xx_HAL_Driver/Src/stm32f1xx_hal_adc.o
LOAD ./Drivers/STM32F1xx_HAL_Driver/Src/stm32f1xx_hal_adc_ex.o
LOAD ./Drivers/STM32F1xx_HAL_Driver/Src/stm32f1xx_hal_can.o
LOAD ./Drivers/STM32F1xx_HAL_Driver/Src/stm32f1xx_hal_cortex.o
LOAD ./Drivers/STM32F1xx_HAL_Driver/Src/stm32f1xx_hal_dma.o
LOAD ./Drivers/STM32F1xx_HAL_Driver/Src/stm32f1xx_hal_exti.o
LOAD ./Drivers/STM32F1xx_HAL_Driver/Src/stm32f1xx_hal_flash.o
LOAD ./Drivers/STM32F1xx_HAL_Driver/Src/stm32f1xx_hal_flash_ex.o
LOAD ./Drivers/STM32F1xx_HAL_Driver/Src/stm32f1xx_hal_gpio.o
LOAD ./Drivers/STM32F1xx_HAL_Driver/Src/stm32f1xx_hal_gpio_ex.o
LOAD ./Drivers/STM32F1xx_HAL_Driver/Src/stm32f1xx_hal_i2c.o
LOAD ./Drivers/STM32F1xx_HAL_Driver/Src/stm32f1xx_hal_pwr.o
LOAD ./Drivers/STM32F1xx_HAL_Driver/Src/stm32f1xx_hal_rcc.o
LOAD ./Drivers/STM32F1xx_HAL_Driver/Src/stm32f1xx_hal_rcc_ex.o
LOAD ./Drivers/STM32F1xx_HAL_Driver/Src/stm32f1xx_hal_spi.o
LOAD ./Drivers/STM32F1xx_HAL_Driver/Src/stm32f1xx_hal_tim.o
LOAD ./Drivers/STM32F1xx_HAL_Driver/Src/stm32f1xx_hal_tim_ex.o
LOAD ./Drivers/TMC_2590/Src/stm32f1xx_tmc_2590.o
START GROUP
LOAD C:/ST/STM32CubeIDE_1.14.1/STM32CubeIDE/plugins/com.st.stm32cube.ide.mcu.externaltools.gnu-tools-for-stm32.12.3.rel1.win32_1.0.100.202403111256/tools/bin/../lib/gcc/arm-none-eabi/12.3.1/../../../../arm-none-eabi/lib/thumb/v7-m/nofp\libc_nano.a
LOAD C:/ST/STM32CubeIDE_1.14.1/STM32CubeIDE/plugins/com.st.stm32cube.ide.mcu.externaltools.gnu-tools-for-stm32.12.3.rel1.win32_1.0.100.202403111256/tools/bin/../lib/gcc/arm-none-eabi/12.3.1/../../../../arm-none-eabi/lib/thumb/v7-m/nofp\libm.a
END GROUP
START GROUP
LOAD C:/ST/STM32CubeIDE_1.14.1/STM32CubeIDE/plugins/com.st.stm32cube.ide.mcu.externaltools.gnu-tools-for-stm32.12.3.rel1.win32_1.0.100.202403111256/tools/bin/../lib/gcc/arm-none-eabi/12.3.1/thumb/v7-m/nofp\libgcc.a
LOAD C:/ST/STM32CubeIDE_1.14.1/STM32CubeIDE/plugins/com.st.stm32cube.ide.mcu.externaltools.gnu-tools-for-stm32.12.3.rel1.win32_1.0.100.202403111256/tools/bin/../lib/gcc/arm-none-eabi/12.3.1/../../../../arm-none-eabi/lib/thumb/v7-m/nofp\libc_nano.a
END GROUP
START GROUP
LOAD C:/ST/STM32CubeIDE_1.14.1/STM32CubeIDE/plugins/com.st.stm32cube.ide.mcu.externaltools.gnu-tools-for-stm32.12.3.rel1.win32_1.0.100.202403111256/tools/bin/../lib/gcc/arm-none-eabi/12.3.1/thumb/v7-m/nofp\libgcc.a
LOAD C:/ST/STM32CubeIDE_1.14.1/STM32CubeIDE/plugins/com.st.stm32cube.ide.mcu.externaltools.gnu-tools-for-stm32.12.3.rel1.win32_1.0.100.202403111256/tools/bin/../lib/gcc/arm-none-eabi/12.3.1/../../../../arm-none-eabi/lib/thumb/v7-m/nofp\libc_nano.a
LOAD C:/ST/STM32CubeIDE_1.14.1/STM32CubeIDE/plugins/com.st.stm32cube.ide.mcu.externaltools.gnu-tools-for-stm32.12.3.rel1.win32_1.0.100.202403111256/tools/bin/../lib/gcc/arm-none-eabi/12.3.1/../../../../arm-none-eabi/lib/thumb/v7-m/nofp\libnosys.a
END GROUP
START GROUP
LOAD C:/ST/STM32CubeIDE_1.14.1/STM32CubeIDE/plugins/com.st.stm32cube.ide.mcu.externaltools.gnu-tools-for-stm32.12.3.rel1.win32_1.0.100.202403111256/tools/bin/../lib/gcc/arm-none-eabi/12.3.1/thumb/v7-m/nofp\libgcc.a
LOAD C:/ST/STM32CubeIDE_1.14.1/STM32CubeIDE/plugins/com.st.stm32cube.ide.mcu.externaltools.gnu-tools-for-stm32.12.3.rel1.win32_1.0.100.202403111256/tools/bin/../lib/gcc/arm-none-eabi/12.3.1/../../../../arm-none-eabi/lib/thumb/v7-m/nofp\libc_nano.a
LOAD C:/ST/STM32CubeIDE_1.14.1/STM32CubeIDE/plugins/com.st.stm32cube.ide.mcu.externaltools.gnu-tools-for-stm32.12.3.rel1.win32_1.0.100.202403111256/tools/bin/../lib/gcc/arm-none-eabi/12.3.1/../../../../arm-none-eabi/lib/thumb/v7-m/nofp\libnosys.a
END GROUP
LOAD C:/ST/STM32CubeIDE_1.14.1/STM32CubeIDE/plugins/com.st.stm32cube.ide.mcu.externaltools.gnu-tools-for-stm32.12.3.rel1.win32_1.0.100.202403111256/tools/bin/../lib/gcc/arm-none-eabi/12.3.1/thumb/v7-m/nofp/crtend.o
LOAD C:/ST/STM32CubeIDE_1.14.1/STM32CubeIDE/plugins/com.st.stm32cube.ide.mcu.externaltools.gnu-tools-for-stm32.12.3.rel1.win32_1.0.100.202403111256/tools/bin/../lib/gcc/arm-none-eabi/12.3.1/thumb/v7-m/nofp/crtn.o
                0x20005000                        _estack = (ORIGIN (RAM) + LENGTH (RAM))
                0x00000200                        _Min_Heap_Size = 0x200
                0x00000400                        _Min_Stack_Size = 0x400

.isr_vector     0x08000000      0x10c
                0x08000000                        . = ALIGN (0x4)
 *(.isr_vector)
 .isr_vector    0x08000000      0x10c ./Core/Startup/startup_stm32f103c8tx.o
                0x08000000                g_pfnVectors
                0x0800010c                        . = ALIGN (0x4)

.text           0x0800010c     0x71f8
                0x0800010c                        . = ALIGN (0x4)
 *(.text)
 .text          0x0800010c       0x40 C:/ST/STM32CubeIDE_1.14.1/STM32CubeIDE/plugins/com.st.stm32cube.ide.mcu.externaltools.gnu-tools-for-stm32.12.3.rel1.win32_1.0.100.202403111256/tools/bin/../lib/gcc/arm-none-eabi/12.3.1/thumb/v7-m/nofp/crtbegin.o
 .text          0x0800014c      0x378 C:/ST/STM32CubeIDE_1.14.1/STM32CubeIDE/plugins/com.st.stm32cube.ide.mcu.externaltools.gnu-tools-for-stm32.12.3.rel1.win32_1.0.100.202403111256/tools/bin/../lib/gcc/arm-none-eabi/12.3.1/thumb/v7-m/nofp\libgcc.a(_arm_addsubdf3.o)
                0x0800014c                __aeabi_drsub
                0x08000154                __aeabi_dsub
                0x08000154                __subdf3
                0x08000158                __aeabi_dadd
                0x08000158                __adddf3
                0x080003d0                __floatunsidf
                0x080003d0                __aeabi_ui2d
                0x080003f0                __floatsidf
                0x080003f0                __aeabi_i2d
                0x08000414                __aeabi_f2d
                0x08000414                __extendsfdf2
                0x08000458                __floatundidf
                0x08000458                __aeabi_ul2d
                0x08000468                __floatdidf
                0x08000468                __aeabi_l2d
 *(.text*)
 .text.MX_ADC1_Init
                0x080004c4       0xbc ./Core/Src/adc.o
                0x080004c4                MX_ADC1_Init
 .text.MX_ADC2_Init
                0x08000580       0xbc ./Core/Src/adc.o
                0x08000580                MX_ADC2_Init
 .text.HAL_ADC_MspInit
                0x0800063c       0xec ./Core/Src/adc.o
                0x0800063c                HAL_ADC_MspInit
 .text.MX_AS5048A_1_Init
                0x08000728       0x38 ./Core/Src/as5048a.o
                0x08000728                MX_AS5048A_1_Init
 .text.MX_CAN_Init
                0x08000760       0x70 ./Core/Src/can.o
                0x08000760                MX_CAN_Init
 .text.HAL_CAN_MspInit
                0x080007d0       0xa8 ./Core/Src/can.o
                0x080007d0                HAL_CAN_MspInit
 .text.MX_DMA_Init
                0x08000878       0x3c ./Core/Src/dma.o
                0x08000878                MX_DMA_Init
 .text.MX_GPIO_Init
                0x080008b4      0x178 ./Core/Src/gpio.o
                0x080008b4                MX_GPIO_Init
 .text.MX_I2C1_Init
                0x08000a2c       0x5c ./Core/Src/i2c.o
                0x08000a2c                MX_I2C1_Init
 .text.HAL_I2C_MspInit
                0x08000a88       0x7c ./Core/Src/i2c.o
                0x08000a88                HAL_I2C_MspInit
 .text.main     0x08000b04       0x78 ./Core/Src/main.o
                0x08000b04                main
 .text.SystemClock_Config
                0x08000b7c       0xb8 ./Core/Src/main.o
                0x08000b7c                SystemClock_Config
 .text.HAL_TIM_PWM_PulseFinishedCallback
                0x08000c34       0x1c ./Core/Src/main.o
                0x08000c34                HAL_TIM_PWM_PulseFinishedCallback
 .text.Error_Handler
                0x08000c50        0xc ./Core/Src/main.o
                0x08000c50                Error_Handler
 .text.assert_failed
                0x08000c5c       0x14 ./Core/Src/main.o
                0x08000c5c                assert_failed
 .text.MX_PID_1_Init
                0x08000c70       0x48 ./Core/Src/pid.o
                0x08000c70                MX_PID_1_Init
 .text.MX_SPI1_Init
                0x08000cb8       0x6c ./Core/Src/spi.o
                0x08000cb8                MX_SPI1_Init
 .text.MX_SPI2_Init
                0x08000d24       0x6c ./Core/Src/spi.o
                0x08000d24                MX_SPI2_Init
 .text.HAL_SPI_MspInit
                0x08000d90      0x10c ./Core/Src/spi.o
                0x08000d90                HAL_SPI_MspInit
 .text.HAL_MspInit
                0x08000e9c       0x64 ./Core/Src/stm32f1xx_hal_msp.o
                0x08000e9c                HAL_MspInit
 .text.NMI_Handler
                0x08000f00        0x8 ./Core/Src/stm32f1xx_it.o
                0x08000f00                NMI_Handler
 .text.HardFault_Handler
                0x08000f08        0x8 ./Core/Src/stm32f1xx_it.o
                0x08000f08                HardFault_Handler
 .text.MemManage_Handler
                0x08000f10        0x8 ./Core/Src/stm32f1xx_it.o
                0x08000f10                MemManage_Handler
 .text.BusFault_Handler
                0x08000f18        0x8 ./Core/Src/stm32f1xx_it.o
                0x08000f18                BusFault_Handler
 .text.UsageFault_Handler
                0x08000f20        0x8 ./Core/Src/stm32f1xx_it.o
                0x08000f20                UsageFault_Handler
 .text.SVC_Handler
                0x08000f28        0xc ./Core/Src/stm32f1xx_it.o
                0x08000f28                SVC_Handler
 .text.DebugMon_Handler
                0x08000f34        0xc ./Core/Src/stm32f1xx_it.o
                0x08000f34                DebugMon_Handler
 .text.PendSV_Handler
                0x08000f40        0xc ./Core/Src/stm32f1xx_it.o
                0x08000f40                PendSV_Handler
 .text.SysTick_Handler
                0x08000f4c        0xc ./Core/Src/stm32f1xx_it.o
                0x08000f4c                SysTick_Handler
 .text.EXTI0_IRQHandler
                0x08000f58        0xe ./Core/Src/stm32f1xx_it.o
                0x08000f58                EXTI0_IRQHandler
 .text.EXTI1_IRQHandler
                0x08000f66        0xe ./Core/Src/stm32f1xx_it.o
                0x08000f66                EXTI1_IRQHandler
 .text.DMA1_Channel7_IRQHandler
                0x08000f74       0x14 ./Core/Src/stm32f1xx_it.o
                0x08000f74                DMA1_Channel7_IRQHandler
 .text.ADC1_2_IRQHandler
                0x08000f88       0x1c ./Core/Src/stm32f1xx_it.o
                0x08000f88                ADC1_2_IRQHandler
 .text.USB_LP_CAN1_RX0_IRQHandler
                0x08000fa4       0x14 ./Core/Src/stm32f1xx_it.o
                0x08000fa4                USB_LP_CAN1_RX0_IRQHandler
 .text.SystemInit
                0x08000fb8        0xc ./Core/Src/system_stm32f1xx.o
                0x08000fb8                SystemInit
 .text.MX_TIM2_Init
                0x08000fc4       0xec ./Core/Src/tim.o
                0x08000fc4                MX_TIM2_Init
 .text.HAL_TIM_Base_MspInit
                0x080010b0       0x9c ./Core/Src/tim.o
                0x080010b0                HAL_TIM_Base_MspInit
 .text.HAL_TIM_MspPostInit
                0x0800114c       0x88 ./Core/Src/tim.o
                0x0800114c                HAL_TIM_MspPostInit
 .text.MX_TMC_2590_1_Init
                0x080011d4      0x178 ./Core/Src/tmc_2590.o
                0x080011d4                MX_TMC_2590_1_Init
 .text.Reset_Handler
                0x0800134c       0x48 ./Core/Startup/startup_stm32f103c8tx.o
                0x0800134c                Reset_Handler
 .text.Default_Handler
                0x08001394        0x2 ./Core/Startup/startup_stm32f103c8tx.o
                0x08001394                RTC_Alarm_IRQHandler
                0x08001394                EXTI2_IRQHandler
                0x08001394                TIM1_CC_IRQHandler
                0x08001394                PVD_IRQHandler
                0x08001394                EXTI3_IRQHandler
                0x08001394                I2C2_EV_IRQHandler
                0x08001394                SPI1_IRQHandler
                0x08001394                TAMPER_IRQHandler
                0x08001394                DMA1_Channel4_IRQHandler
                0x08001394                USART3_IRQHandler
                0x08001394                RTC_IRQHandler
                0x08001394                CAN1_RX1_IRQHandler
                0x08001394                TIM4_IRQHandler
                0x08001394                I2C1_EV_IRQHandler
                0x08001394                DMA1_Channel6_IRQHandler
                0x08001394                TIM3_IRQHandler
                0x08001394                RCC_IRQHandler
                0x08001394                TIM1_TRG_COM_IRQHandler
                0x08001394                DMA1_Channel1_IRQHandler
                0x08001394                Default_Handler
                0x08001394                EXTI15_10_IRQHandler
                0x08001394                EXTI9_5_IRQHandler
                0x08001394                SPI2_IRQHandler
                0x08001394                DMA1_Channel5_IRQHandler
                0x08001394                EXTI4_IRQHandler
                0x08001394                USB_HP_CAN1_TX_IRQHandler
                0x08001394                DMA1_Channel3_IRQHandler
                0x08001394                TIM1_UP_IRQHandler
                0x08001394                WWDG_IRQHandler
                0x08001394                TIM2_IRQHandler
                0x08001394                TIM1_BRK_IRQHandler
                0x08001394                USART2_IRQHandler
                0x08001394                I2C2_ER_IRQHandler
                0x08001394                DMA1_Channel2_IRQHandler
                0x08001394                CAN1_SCE_IRQHandler
                0x08001394                FLASH_IRQHandler
                0x08001394                USART1_IRQHandler
                0x08001394                I2C1_ER_IRQHandler
                0x08001394                USBWakeUp_IRQHandler
 .text.AS5048A_Init
                0x08001396       0x66 ./Drivers/AS5048A/Src/stm32f1xx_as5048a.o
                0x08001396                AS5048A_Init
 .text.AS5048A_ReadAngle
                0x080013fc       0x62 ./Drivers/AS5048A/Src/stm32f1xx_as5048a.o
                0x080013fc                AS5048A_ReadAngle
 .text.__read_angle_command
                0x0800145e       0x56 ./Drivers/AS5048A/Src/stm32f1xx_as5048a.o
                0x0800145e                __read_angle_command
 .text.__word_to_spi_order_buffer_2bytes
                0x080014b4       0x2c ./Drivers/AS5048A/Src/stm32f1xx_as5048a.o
                0x080014b4                __word_to_spi_order_buffer_2bytes
 .text.__spi_order_buffer_to_word_2bytes
                0x080014e0       0x24 ./Drivers/AS5048A/Src/stm32f1xx_as5048a.o
                0x080014e0                __spi_order_buffer_to_word_2bytes
 .text.__send_spi_packet_as5048a
                0x08001504       0x60 ./Drivers/AS5048A/Src/stm32f1xx_as5048a.o
                0x08001504                __send_spi_packet_as5048a
 .text.PID_Init
                0x08001564       0x44 ./Drivers/PID_lib/Src/PID_lib.o
                0x08001564                PID_Init
 .text.HAL_Init
                0x080015a8       0x2c ./Drivers/STM32F1xx_HAL_Driver/Src/stm32f1xx_hal.o
                0x080015a8                HAL_Init
 .text.HAL_InitTick
                0x080015d4       0x60 ./Drivers/STM32F1xx_HAL_Driver/Src/stm32f1xx_hal.o
                0x080015d4                HAL_InitTick
 .text.HAL_IncTick
                0x08001634       0x24 ./Drivers/STM32F1xx_HAL_Driver/Src/stm32f1xx_hal.o
                0x08001634                HAL_IncTick
 .text.HAL_GetTick
                0x08001658       0x14 ./Drivers/STM32F1xx_HAL_Driver/Src/stm32f1xx_hal.o
                0x08001658                HAL_GetTick
 .text.HAL_Delay
                0x0800166c       0x48 ./Drivers/STM32F1xx_HAL_Driver/Src/stm32f1xx_hal.o
                0x0800166c                HAL_Delay
 .text.HAL_ADC_Init
                0x080016b4      0x2d4 ./Drivers/STM32F1xx_HAL_Driver/Src/stm32f1xx_hal_adc.o
                0x080016b4                HAL_ADC_Init
 .text.HAL_ADC_IRQHandler
                0x08001988      0x1dc ./Drivers/STM32F1xx_HAL_Driver/Src/stm32f1xx_hal_adc.o
                0x08001988                HAL_ADC_IRQHandler
 .text.HAL_ADC_ConvCpltCallback
                0x08001b64       0x12 ./Drivers/STM32F1xx_HAL_Driver/Src/stm32f1xx_hal_adc.o
                0x08001b64                HAL_ADC_ConvCpltCallback
 .text.HAL_ADC_LevelOutOfWindowCallback
                0x08001b76       0x12 ./Drivers/STM32F1xx_HAL_Driver/Src/stm32f1xx_hal_adc.o
                0x08001b76                HAL_ADC_LevelOutOfWindowCallback
 .text.HAL_ADC_ConfigChannel
                0x08001b88      0x388 ./Drivers/STM32F1xx_HAL_Driver/Src/stm32f1xx_hal_adc.o
                0x08001b88                HAL_ADC_ConfigChannel
 .text.HAL_ADC_AnalogWDGConfig
                0x08001f10      0x210 ./Drivers/STM32F1xx_HAL_Driver/Src/stm32f1xx_hal_adc.o
                0x08001f10                HAL_ADC_AnalogWDGConfig
 .text.ADC_ConversionStop_Disable
                0x08002120       0x82 ./Drivers/STM32F1xx_HAL_Driver/Src/stm32f1xx_hal_adc.o
                0x08002120                ADC_ConversionStop_Disable
 .text.HAL_ADCEx_InjectedConvCpltCallback
                0x080021a2       0x12 ./Drivers/STM32F1xx_HAL_Driver/Src/stm32f1xx_hal_adc_ex.o
                0x080021a2                HAL_ADCEx_InjectedConvCpltCallback
 .text.HAL_CAN_Init
                0x080021b4      0x430 ./Drivers/STM32F1xx_HAL_Driver/Src/stm32f1xx_hal_can.o
                0x080021b4                HAL_CAN_Init
 .text.HAL_CAN_IRQHandler
                0x080025e4      0x36e ./Drivers/STM32F1xx_HAL_Driver/Src/stm32f1xx_hal_can.o
                0x080025e4                HAL_CAN_IRQHandler
 .text.HAL_CAN_TxMailbox0CompleteCallback
                0x08002952       0x12 ./Drivers/STM32F1xx_HAL_Driver/Src/stm32f1xx_hal_can.o
                0x08002952                HAL_CAN_TxMailbox0CompleteCallback
 .text.HAL_CAN_TxMailbox1CompleteCallback
                0x08002964       0x12 ./Drivers/STM32F1xx_HAL_Driver/Src/stm32f1xx_hal_can.o
                0x08002964                HAL_CAN_TxMailbox1CompleteCallback
 .text.HAL_CAN_TxMailbox2CompleteCallback
                0x08002976       0x12 ./Drivers/STM32F1xx_HAL_Driver/Src/stm32f1xx_hal_can.o
                0x08002976                HAL_CAN_TxMailbox2CompleteCallback
 .text.HAL_CAN_TxMailbox0AbortCallback
                0x08002988       0x12 ./Drivers/STM32F1xx_HAL_Driver/Src/stm32f1xx_hal_can.o
                0x08002988                HAL_CAN_TxMailbox0AbortCallback
 .text.HAL_CAN_TxMailbox1AbortCallback
                0x0800299a       0x12 ./Drivers/STM32F1xx_HAL_Driver/Src/stm32f1xx_hal_can.o
                0x0800299a                HAL_CAN_TxMailbox1AbortCallback
 .text.HAL_CAN_TxMailbox2AbortCallback
                0x080029ac       0x12 ./Drivers/STM32F1xx_HAL_Driver/Src/stm32f1xx_hal_can.o
                0x080029ac                HAL_CAN_TxMailbox2AbortCallback
 .text.HAL_CAN_RxFifo0MsgPendingCallback
                0x080029be       0x12 ./Drivers/STM32F1xx_HAL_Driver/Src/stm32f1xx_hal_can.o
                0x080029be                HAL_CAN_RxFifo0MsgPendingCallback
 .text.HAL_CAN_RxFifo0FullCallback
                0x080029d0       0x12 ./Drivers/STM32F1xx_HAL_Driver/Src/stm32f1xx_hal_can.o
                0x080029d0                HAL_CAN_RxFifo0FullCallback
 .text.HAL_CAN_RxFifo1MsgPendingCallback
                0x080029e2       0x12 ./Drivers/STM32F1xx_HAL_Driver/Src/stm32f1xx_hal_can.o
                0x080029e2                HAL_CAN_RxFifo1MsgPendingCallback
 .text.HAL_CAN_RxFifo1FullCallback
                0x080029f4       0x12 ./Drivers/STM32F1xx_HAL_Driver/Src/stm32f1xx_hal_can.o
                0x080029f4                HAL_CAN_RxFifo1FullCallback
 .text.HAL_CAN_SleepCallback
                0x08002a06       0x12 ./Drivers/STM32F1xx_HAL_Driver/Src/stm32f1xx_hal_can.o
                0x08002a06                HAL_CAN_SleepCallback
 .text.HAL_CAN_WakeUpFromRxMsgCallback
                0x08002a18       0x12 ./Drivers/STM32F1xx_HAL_Driver/Src/stm32f1xx_hal_can.o
                0x08002a18                HAL_CAN_WakeUpFromRxMsgCallback
 .text.HAL_CAN_ErrorCallback
                0x08002a2a       0x12 ./Drivers/STM32F1xx_HAL_Driver/Src/stm32f1xx_hal_can.o
                0x08002a2a                HAL_CAN_ErrorCallback
 .text.__NVIC_SetPriorityGrouping
                0x08002a3c       0x48 ./Drivers/STM32F1xx_HAL_Driver/Src/stm32f1xx_hal_cortex.o
 .text.__NVIC_GetPriorityGrouping
                0x08002a84       0x1c ./Drivers/STM32F1xx_HAL_Driver/Src/stm32f1xx_hal_cortex.o
 .text.__NVIC_EnableIRQ
                0x08002aa0       0x38 ./Drivers/STM32F1xx_HAL_Driver/Src/stm32f1xx_hal_cortex.o
 .text.__NVIC_SetPriority
                0x08002ad8       0x54 ./Drivers/STM32F1xx_HAL_Driver/Src/stm32f1xx_hal_cortex.o
 .text.NVIC_EncodePriority
                0x08002b2c       0x64 ./Drivers/STM32F1xx_HAL_Driver/Src/stm32f1xx_hal_cortex.o
 .text.SysTick_Config
                0x08002b90       0x44 ./Drivers/STM32F1xx_HAL_Driver/Src/stm32f1xx_hal_cortex.o
 .text.HAL_NVIC_SetPriorityGrouping
                0x08002bd4       0x40 ./Drivers/STM32F1xx_HAL_Driver/Src/stm32f1xx_hal_cortex.o
                0x08002bd4                HAL_NVIC_SetPriorityGrouping
 .text.HAL_NVIC_SetPriority
                0x08002c14       0x58 ./Drivers/STM32F1xx_HAL_Driver/Src/stm32f1xx_hal_cortex.o
                0x08002c14                HAL_NVIC_SetPriority
 .text.HAL_NVIC_EnableIRQ
                0x08002c6c       0x30 ./Drivers/STM32F1xx_HAL_Driver/Src/stm32f1xx_hal_cortex.o
                0x08002c6c                HAL_NVIC_EnableIRQ
 .text.HAL_SYSTICK_Config
                0x08002c9c       0x18 ./Drivers/STM32F1xx_HAL_Driver/Src/stm32f1xx_hal_cortex.o
                0x08002c9c                HAL_SYSTICK_Config
 .text.HAL_DMA_Init
                0x08002cb4      0x200 ./Drivers/STM32F1xx_HAL_Driver/Src/stm32f1xx_hal_dma.o
                0x08002cb4                HAL_DMA_Init
 .text.HAL_DMA_Start_IT
                0x08002eb4       0xdc ./Drivers/STM32F1xx_HAL_Driver/Src/stm32f1xx_hal_dma.o
                0x08002eb4                HAL_DMA_Start_IT
 .text.HAL_DMA_Abort_IT
                0x08002f90       0xf0 ./Drivers/STM32F1xx_HAL_Driver/Src/stm32f1xx_hal_dma.o
                0x08002f90                HAL_DMA_Abort_IT
 .text.HAL_DMA_IRQHandler
                0x08003080      0x20c ./Drivers/STM32F1xx_HAL_Driver/Src/stm32f1xx_hal_dma.o
                0x08003080                HAL_DMA_IRQHandler
 .text.DMA_SetConfig
                0x0800328c       0x5a ./Drivers/STM32F1xx_HAL_Driver/Src/stm32f1xx_hal_dma.o
 *fill*         0x080032e6        0x2 
 .text.HAL_GPIO_Init
                0x080032e8      0x4dc ./Drivers/STM32F1xx_HAL_Driver/Src/stm32f1xx_hal_gpio.o
                0x080032e8                HAL_GPIO_Init
 .text.HAL_GPIO_WritePin
                0x080037c4       0x58 ./Drivers/STM32F1xx_HAL_Driver/Src/stm32f1xx_hal_gpio.o
                0x080037c4                HAL_GPIO_WritePin
 .text.HAL_GPIO_EXTI_IRQHandler
                0x0800381c       0x30 ./Drivers/STM32F1xx_HAL_Driver/Src/stm32f1xx_hal_gpio.o
                0x0800381c                HAL_GPIO_EXTI_IRQHandler
 .text.HAL_GPIO_EXTI_Callback
                0x0800384c       0x14 ./Drivers/STM32F1xx_HAL_Driver/Src/stm32f1xx_hal_gpio.o
                0x0800384c                HAL_GPIO_EXTI_Callback
 .text.HAL_I2C_Init
                0x08003860      0x384 ./Drivers/STM32F1xx_HAL_Driver/Src/stm32f1xx_hal_i2c.o
                0x08003860                HAL_I2C_Init
 .text.HAL_RCC_OscConfig
                0x08003be4      0x6dc ./Drivers/STM32F1xx_HAL_Driver/Src/stm32f1xx_hal_rcc.o
                0x08003be4                HAL_RCC_OscConfig
 .text.HAL_RCC_ClockConfig
                0x080042c0      0x320 ./Drivers/STM32F1xx_HAL_Driver/Src/stm32f1xx_hal_rcc.o
                0x080042c0                HAL_RCC_ClockConfig
 .text.HAL_RCC_GetSysClockFreq
                0x080045e0       0xac ./Drivers/STM32F1xx_HAL_Driver/Src/stm32f1xx_hal_rcc.o
                0x080045e0                HAL_RCC_GetSysClockFreq
 .text.HAL_RCC_GetHCLKFreq
                0x0800468c       0x14 ./Drivers/STM32F1xx_HAL_Driver/Src/stm32f1xx_hal_rcc.o
                0x0800468c                HAL_RCC_GetHCLKFreq
 .text.HAL_RCC_GetPCLK1Freq
                0x080046a0       0x28 ./Drivers/STM32F1xx_HAL_Driver/Src/stm32f1xx_hal_rcc.o
                0x080046a0                HAL_RCC_GetPCLK1Freq
 .text.RCC_Delay
                0x080046c8       0x3c ./Drivers/STM32F1xx_HAL_Driver/Src/stm32f1xx_hal_rcc.o
 .text.HAL_RCCEx_PeriphCLKConfig
                0x08004704      0x214 ./Drivers/STM32F1xx_HAL_Driver/Src/stm32f1xx_hal_rcc_ex.o
                0x08004704                HAL_RCCEx_PeriphCLKConfig
 .text.HAL_SPI_Init
                0x08004918      0x2fc ./Drivers/STM32F1xx_HAL_Driver/Src/stm32f1xx_hal_spi.o
                0x08004918                HAL_SPI_Init
 .text.HAL_SPI_TransmitReceive
                0x08004c14      0x378 ./Drivers/STM32F1xx_HAL_Driver/Src/stm32f1xx_hal_spi.o
                0x08004c14                HAL_SPI_TransmitReceive
 .text.SPI_WaitFlagStateUntilTimeout
                0x08004f8c      0x110 ./Drivers/STM32F1xx_HAL_Driver/Src/stm32f1xx_hal_spi.o
 .text.SPI_EndRxTxTransaction
                0x0800509c       0x3c ./Drivers/STM32F1xx_HAL_Driver/Src/stm32f1xx_hal_spi.o
 .text.HAL_TIM_Base_Init
                0x080050d8      0x170 ./Drivers/STM32F1xx_HAL_Driver/Src/stm32f1xx_hal_tim.o
                0x080050d8                HAL_TIM_Base_Init
 .text.HAL_TIM_PWM_Init
                0x08005248      0x170 ./Drivers/STM32F1xx_HAL_Driver/Src/stm32f1xx_hal_tim.o
                0x08005248                HAL_TIM_PWM_Init
 .text.HAL_TIM_PWM_MspInit
                0x080053b8       0x12 ./Drivers/STM32F1xx_HAL_Driver/Src/stm32f1xx_hal_tim.o
                0x080053b8                HAL_TIM_PWM_MspInit
 *fill*         0x080053ca        0x2 
 .text.HAL_TIM_PWM_Start_DMA
                0x080053cc      0x3f0 ./Drivers/STM32F1xx_HAL_Driver/Src/stm32f1xx_hal_tim.o
                0x080053cc                HAL_TIM_PWM_Start_DMA
 .text.HAL_TIM_PWM_Stop_DMA
                0x080057bc      0x228 ./Drivers/STM32F1xx_HAL_Driver/Src/stm32f1xx_hal_tim.o
                0x080057bc                HAL_TIM_PWM_Stop_DMA
 .text.HAL_TIM_PWM_ConfigChannel
                0x080059e4      0x2e4 ./Drivers/STM32F1xx_HAL_Driver/Src/stm32f1xx_hal_tim.o
                0x080059e4                HAL_TIM_PWM_ConfigChannel
 .text.HAL_TIM_ConfigClockSource
                0x08005cc8      0x564 ./Drivers/STM32F1xx_HAL_Driver/Src/stm32f1xx_hal_tim.o
                0x08005cc8                HAL_TIM_ConfigClockSource
 .text.HAL_TIM_PWM_PulseFinishedHalfCpltCallback
                0x0800622c       0x12 ./Drivers/STM32F1xx_HAL_Driver/Src/stm32f1xx_hal_tim.o
                0x0800622c                HAL_TIM_PWM_PulseFinishedHalfCpltCallback
 .text.HAL_TIM_ErrorCallback
                0x0800623e       0x12 ./Drivers/STM32F1xx_HAL_Driver/Src/stm32f1xx_hal_tim.o
                0x0800623e                HAL_TIM_ErrorCallback
 .text.TIM_DMAError
                0x08006250       0x92 ./Drivers/STM32F1xx_HAL_Driver/Src/stm32f1xx_hal_tim.o
                0x08006250                TIM_DMAError
 .text.TIM_DMADelayPulseCplt
                0x080062e2       0xa8 ./Drivers/STM32F1xx_HAL_Driver/Src/stm32f1xx_hal_tim.o
 .text.TIM_DMADelayPulseHalfCplt
                0x0800638a       0x68 ./Drivers/STM32F1xx_HAL_Driver/Src/stm32f1xx_hal_tim.o
                0x0800638a                TIM_DMADelayPulseHalfCplt
 *fill*         0x080063f2        0x2 
 .text.TIM_Base_SetConfig
                0x080063f4       0xc4 ./Drivers/STM32F1xx_HAL_Driver/Src/stm32f1xx_hal_tim.o
                0x080063f4                TIM_Base_SetConfig
 .text.TIM_OC1_SetConfig
                0x080064b8      0x120 ./Drivers/STM32F1xx_HAL_Driver/Src/stm32f1xx_hal_tim.o
 .text.TIM_OC2_SetConfig
                0x080065d8      0x128 ./Drivers/STM32F1xx_HAL_Driver/Src/stm32f1xx_hal_tim.o
                0x080065d8                TIM_OC2_SetConfig
 .text.TIM_OC3_SetConfig
                0x08006700      0x128 ./Drivers/STM32F1xx_HAL_Driver/Src/stm32f1xx_hal_tim.o
 .text.TIM_OC4_SetConfig
                0x08006828       0xbc ./Drivers/STM32F1xx_HAL_Driver/Src/stm32f1xx_hal_tim.o
 .text.TIM_TI1_ConfigInputStage
                0x080068e4       0x5c ./Drivers/STM32F1xx_HAL_Driver/Src/stm32f1xx_hal_tim.o
 .text.TIM_TI2_ConfigInputStage
                0x08006940       0x5e ./Drivers/STM32F1xx_HAL_Driver/Src/stm32f1xx_hal_tim.o
 .text.TIM_ITRx_SetConfig
                0x0800699e       0x34 ./Drivers/STM32F1xx_HAL_Driver/Src/stm32f1xx_hal_tim.o
 .text.TIM_ETR_SetConfig
                0x080069d2       0x3e ./Drivers/STM32F1xx_HAL_Driver/Src/stm32f1xx_hal_tim.o
                0x080069d2                TIM_ETR_SetConfig
 .text.TIM_CCxChannelCmd
                0x08006a10       0xa8 ./Drivers/STM32F1xx_HAL_Driver/Src/stm32f1xx_hal_tim.o
                0x08006a10                TIM_CCxChannelCmd
 .text.HAL_TIMEx_MasterConfigSynchronization
                0x08006ab8      0x154 ./Drivers/STM32F1xx_HAL_Driver/Src/stm32f1xx_hal_tim_ex.o
                0x08006ab8                HAL_TIMEx_MasterConfigSynchronization
 .text.TMC_2590_Init
                0x08006c0c       0xf2 ./Drivers/TMC_2590/Src/stm32f1xx_tmc_2590.o
                0x08006c0c                TMC_2590_Init
 .text.TMC_2590_MoveSteps
                0x08006cfe      0x172 ./Drivers/TMC_2590/Src/stm32f1xx_tmc_2590.o
                0x08006cfe                TMC_2590_MoveSteps
 .text.TMC_2590_TIM_PWM_PulseFinishedCallback
                0x08006e70       0x22 ./Drivers/TMC_2590/Src/stm32f1xx_tmc_2590.o
                0x08006e70                TMC_2590_TIM_PWM_PulseFinishedCallback
 .text.__send_conf_registers
                0x08006e92      0x27c ./Drivers/TMC_2590/Src/stm32f1xx_tmc_2590.o
                0x08006e92                __send_conf_registers
 .text.__word_to_spi_order_buffer
                0x0800710e       0x34 ./Drivers/TMC_2590/Src/stm32f1xx_tmc_2590.o
                0x0800710e                __word_to_spi_order_buffer
 .text.__spi_order_buffer_to_word
                0x08007142       0x2a ./Drivers/TMC_2590/Src/stm32f1xx_tmc_2590.o
                0x08007142                __spi_order_buffer_to_word
 .text.__send_spi_packet
                0x0800716c       0x5c ./Drivers/TMC_2590/Src/stm32f1xx_tmc_2590.o
                0x0800716c                __send_spi_packet
 .text.__set_drvstatus_struct
                0x080071c8       0xcc ./Drivers/TMC_2590/Src/stm32f1xx_tmc_2590.o
                0x080071c8                __set_drvstatus_struct
 .text.memset   0x08007294       0x10 C:/ST/STM32CubeIDE_1.14.1/STM32CubeIDE/plugins/com.st.stm32cube.ide.mcu.externaltools.gnu-tools-for-stm32.12.3.rel1.win32_1.0.100.202403111256/tools/bin/../lib/gcc/arm-none-eabi/12.3.1/../../../../arm-none-eabi/lib/thumb/v7-m/nofp\libc_nano.a(libc_a-memset.o)
                0x08007294                memset
 .text.__libc_init_array
                0x080072a4       0x48 C:/ST/STM32CubeIDE_1.14.1/STM32CubeIDE/plugins/com.st.stm32cube.ide.mcu.externaltools.gnu-tools-for-stm32.12.3.rel1.win32_1.0.100.202403111256/tools/bin/../lib/gcc/arm-none-eabi/12.3.1/../../../../arm-none-eabi/lib/thumb/v7-m/nofp\libc_nano.a(libc_a-init.o)
                0x080072a4                __libc_init_array
 *(.glue_7)
 .glue_7        0x080072ec        0x0 linker stubs
 *(.glue_7t)
 .glue_7t       0x080072ec        0x0 linker stubs
 *(.eh_frame)
 .eh_frame      0x080072ec        0x0 C:/ST/STM32CubeIDE_1.14.1/STM32CubeIDE/plugins/com.st.stm32cube.ide.mcu.externaltools.gnu-tools-for-stm32.12.3.rel1.win32_1.0.100.202403111256/tools/bin/../lib/gcc/arm-none-eabi/12.3.1/thumb/v7-m/nofp/crtbegin.o
 *(.init)
 .init          0x080072ec        0x4 C:/ST/STM32CubeIDE_1.14.1/STM32CubeIDE/plugins/com.st.stm32cube.ide.mcu.externaltools.gnu-tools-for-stm32.12.3.rel1.win32_1.0.100.202403111256/tools/bin/../lib/gcc/arm-none-eabi/12.3.1/thumb/v7-m/nofp/crti.o
                0x080072ec                _init
 .init          0x080072f0        0x8 C:/ST/STM32CubeIDE_1.14.1/STM32CubeIDE/plugins/com.st.stm32cube.ide.mcu.externaltools.gnu-tools-for-stm32.12.3.rel1.win32_1.0.100.202403111256/tools/bin/../lib/gcc/arm-none-eabi/12.3.1/thumb/v7-m/nofp/crtn.o
 *(.fini)
 .fini          0x080072f8        0x4 C:/ST/STM32CubeIDE_1.14.1/STM32CubeIDE/plugins/com.st.stm32cube.ide.mcu.externaltools.gnu-tools-for-stm32.12.3.rel1.win32_1.0.100.202403111256/tools/bin/../lib/gcc/arm-none-eabi/12.3.1/thumb/v7-m/nofp/crti.o
                0x080072f8                _fini
 .fini          0x080072fc        0x8 C:/ST/STM32CubeIDE_1.14.1/STM32CubeIDE/plugins/com.st.stm32cube.ide.mcu.externaltools.gnu-tools-for-stm32.12.3.rel1.win32_1.0.100.202403111256/tools/bin/../lib/gcc/arm-none-eabi/12.3.1/thumb/v7-m/nofp/crtn.o
                0x08007304                        . = ALIGN (0x4)
                0x08007304                        _etext = .

.vfp11_veneer   0x08007304        0x0
 .vfp11_veneer  0x08007304        0x0 linker stubs

.v4_bx          0x08007304        0x0
 .v4_bx         0x08007304        0x0 linker stubs

.iplt           0x08007304        0x0
 .iplt          0x08007304        0x0 C:/ST/STM32CubeIDE_1.14.1/STM32CubeIDE/plugins/com.st.stm32cube.ide.mcu.externaltools.gnu-tools-for-stm32.12.3.rel1.win32_1.0.100.202403111256/tools/bin/../lib/gcc/arm-none-eabi/12.3.1/thumb/v7-m/nofp/crtbegin.o

.rodata         0x08007304      0x2a4
                0x08007304                        . = ALIGN (0x4)
 *(.rodata)
 .rodata        0x08007304       0x38 ./Drivers/STM32F1xx_HAL_Driver/Src/stm32f1xx_hal_adc.o
 .rodata        0x0800733c       0x38 ./Drivers/STM32F1xx_HAL_Driver/Src/stm32f1xx_hal_can.o
 .rodata        0x08007374       0x3b ./Drivers/STM32F1xx_HAL_Driver/Src/stm32f1xx_hal_cortex.o
 *fill*         0x080073af        0x1 
 .rodata        0x080073b0       0x38 ./Drivers/STM32F1xx_HAL_Driver/Src/stm32f1xx_hal_dma.o
 .rodata        0x080073e8       0x39 ./Drivers/STM32F1xx_HAL_Driver/Src/stm32f1xx_hal_gpio.o
 *fill*         0x08007421        0x3 
 .rodata        0x08007424       0x38 ./Drivers/STM32F1xx_HAL_Driver/Src/stm32f1xx_hal_i2c.o
 .rodata        0x0800745c       0x38 ./Drivers/STM32F1xx_HAL_Driver/Src/stm32f1xx_hal_rcc.o
 .rodata        0x08007494       0x3b ./Drivers/STM32F1xx_HAL_Driver/Src/stm32f1xx_hal_rcc_ex.o
 *fill*         0x080074cf        0x1 
 .rodata        0x080074d0       0x38 ./Drivers/STM32F1xx_HAL_Driver/Src/stm32f1xx_hal_spi.o
 .rodata        0x08007508       0x38 ./Drivers/STM32F1xx_HAL_Driver/Src/stm32f1xx_hal_tim.o
 .rodata        0x08007540       0x3b ./Drivers/STM32F1xx_HAL_Driver/Src/stm32f1xx_hal_tim_ex.o
 *(.rodata*)
 *fill*         0x0800757b        0x1 
 .rodata.AHBPrescTable
                0x0800757c       0x10 ./Core/Src/system_stm32f1xx.o
                0x0800757c                AHBPrescTable
 .rodata.APBPrescTable
                0x0800758c        0x8 ./Core/Src/system_stm32f1xx.o
                0x0800758c                APBPrescTable
 .rodata.aPLLMULFactorTable.1
                0x08007594       0x10 ./Drivers/STM32F1xx_HAL_Driver/Src/stm32f1xx_hal_rcc.o
 .rodata.aPredivFactorTable.0
                0x080075a4        0x2 ./Drivers/STM32F1xx_HAL_Driver/Src/stm32f1xx_hal_rcc.o
                0x080075a8                        . = ALIGN (0x4)
 *fill*         0x080075a6        0x2 

.ARM.extab      0x080075a8        0x0
                0x080075a8                        . = ALIGN (0x4)
 *(.ARM.extab* .gnu.linkonce.armextab.*)
                0x080075a8                        . = ALIGN (0x4)

.ARM            0x080075a8        0x0
                0x080075a8                        . = ALIGN (0x4)
                0x080075a8                        __exidx_start = .
 *(.ARM.exidx*)
                0x080075a8                        __exidx_end = .
                0x080075a8                        . = ALIGN (0x4)

.preinit_array  0x080075a8        0x0
                0x080075a8                        . = ALIGN (0x4)
                0x080075a8                        PROVIDE (__preinit_array_start = .)
 *(.preinit_array*)
                0x080075a8                        PROVIDE (__preinit_array_end = .)
                0x080075a8                        . = ALIGN (0x4)

.init_array     0x080075a8        0x4
                0x080075a8                        . = ALIGN (0x4)
                0x080075a8                        PROVIDE (__init_array_start = .)
 *(SORT_BY_NAME(.init_array.*))
 *(.init_array*)
 .init_array    0x080075a8        0x4 C:/ST/STM32CubeIDE_1.14.1/STM32CubeIDE/plugins/com.st.stm32cube.ide.mcu.externaltools.gnu-tools-for-stm32.12.3.rel1.win32_1.0.100.202403111256/tools/bin/../lib/gcc/arm-none-eabi/12.3.1/thumb/v7-m/nofp/crtbegin.o
                0x080075ac                        PROVIDE (__init_array_end = .)
                0x080075ac                        . = ALIGN (0x4)

.fini_array     0x080075ac        0x4
                0x080075ac                        . = ALIGN (0x4)
                [!provide]                        PROVIDE (__fini_array_start = .)
 *(SORT_BY_NAME(.fini_array.*))
 *(.fini_array*)
 .fini_array    0x080075ac        0x4 C:/ST/STM32CubeIDE_1.14.1/STM32CubeIDE/plugins/com.st.stm32cube.ide.mcu.externaltools.gnu-tools-for-stm32.12.3.rel1.win32_1.0.100.202403111256/tools/bin/../lib/gcc/arm-none-eabi/12.3.1/thumb/v7-m/nofp/crtbegin.o
                [!provide]                        PROVIDE (__fini_array_end = .)
                0x080075b0                        . = ALIGN (0x4)
                0x080075b0                        _sidata = LOADADDR (.data)

.rel.dyn        0x080075b0        0x0
 .rel.iplt      0x080075b0        0x0 C:/ST/STM32CubeIDE_1.14.1/STM32CubeIDE/plugins/com.st.stm32cube.ide.mcu.externaltools.gnu-tools-for-stm32.12.3.rel1.win32_1.0.100.202403111256/tools/bin/../lib/gcc/arm-none-eabi/12.3.1/thumb/v7-m/nofp/crtbegin.o

.data           0x20000000        0xc load address 0x080075b0
                0x20000000                        . = ALIGN (0x4)
                0x20000000                        _sdata = .
 *(.data)
 *(.data*)
 .data.SystemCoreClock
                0x20000000        0x4 ./Core/Src/system_stm32f1xx.o
                0x20000000                SystemCoreClock
 .data.uwTickPrio
                0x20000004        0x4 ./Drivers/STM32F1xx_HAL_Driver/Src/stm32f1xx_hal.o
                0x20000004                uwTickPrio
 .data.uwTickFreq
                0x20000008        0x1 ./Drivers/STM32F1xx_HAL_Driver/Src/stm32f1xx_hal.o
                0x20000008                uwTickFreq
 *(.RamFunc)
 *(.RamFunc*)
                0x2000000c                        . = ALIGN (0x4)
 *fill*         0x20000009        0x3 
                0x2000000c                        _edata = .

.igot.plt       0x2000000c        0x0 load address 0x080075bc
 .igot.plt      0x2000000c        0x0 C:/ST/STM32CubeIDE_1.14.1/STM32CubeIDE/plugins/com.st.stm32cube.ide.mcu.externaltools.gnu-tools-for-stm32.12.3.rel1.win32_1.0.100.202403111256/tools/bin/../lib/gcc/arm-none-eabi/12.3.1/thumb/v7-m/nofp/crtbegin.o
                0x2000000c                        . = ALIGN (0x4)

.bss            0x20000010      0x31c load address 0x080075bc
                0x20000010                        _sbss = .
                0x20000010                        __bss_start__ = _sbss
 *(.bss)
 .bss           0x20000010       0x1c C:/ST/STM32CubeIDE_1.14.1/STM32CubeIDE/plugins/com.st.stm32cube.ide.mcu.externaltools.gnu-tools-for-stm32.12.3.rel1.win32_1.0.100.202403111256/tools/bin/../lib/gcc/arm-none-eabi/12.3.1/thumb/v7-m/nofp/crtbegin.o
 *(.bss*)
 .bss.hadc1     0x2000002c       0x30 ./Core/Src/adc.o
                0x2000002c                hadc1
 .bss.hadc2     0x2000005c       0x30 ./Core/Src/adc.o
                0x2000005c                hadc2
 *fill*         0x2000008c        0x4 
 .bss.as5048a_1
                0x20000090       0x20 ./Core/Src/as5048a.o
                0x20000090                as5048a_1
 .bss.hcan      0x200000b0       0x28 ./Core/Src/can.o
                0x200000b0                hcan
 .bss.hi2c1     0x200000d8       0x54 ./Core/Src/i2c.o
                0x200000d8                hi2c1
 *fill*         0x2000012c        0x4 
 .bss.pid_1     0x20000130       0x50 ./Core/Src/pid.o
                0x20000130                pid_1
 .bss.hspi1     0x20000180       0x58 ./Core/Src/spi.o
                0x20000180                hspi1
 .bss.hspi2     0x200001d8       0x58 ./Core/Src/spi.o
                0x200001d8                hspi2
 .bss.htim2     0x20000230       0x48 ./Core/Src/tim.o
                0x20000230                htim2
 .bss.hdma_tim2_ch2_ch4
                0x20000278       0x44 ./Core/Src/tim.o
                0x20000278                hdma_tim2_ch2_ch4
 .bss.tmc_2590_1
                0x200002bc       0x6c ./Core/Src/tmc_2590.o
                0x200002bc                tmc_2590_1
 .bss.uwTick    0x20000328        0x4 ./Drivers/STM32F1xx_HAL_Driver/Src/stm32f1xx_hal.o
                0x20000328                uwTick
 *(COMMON)
                0x2000032c                        . = ALIGN (0x4)
                0x2000032c                        _ebss = .
                0x2000032c                        __bss_end__ = _ebss

._user_heap_stack
                0x2000032c      0x604 load address 0x080075bc
                0x20000330                        . = ALIGN (0x8)
 *fill*         0x2000032c        0x4 
                [!provide]                        PROVIDE (end = .)
                0x20000330                        PROVIDE (_end = .)
                0x20000530                        . = (. + _Min_Heap_Size)
 *fill*         0x20000330      0x200 
                0x20000930                        . = (. + _Min_Stack_Size)
 *fill*         0x20000530      0x400 
                0x20000930                        . = ALIGN (0x8)

/DISCARD/
 libc.a(*)
 libm.a(*)
 libgcc.a(*)

.ARM.attributes
                0x00000000       0x29
 *(.ARM.attributes)
 .ARM.attributes
                0x00000000       0x1d C:/ST/STM32CubeIDE_1.14.1/STM32CubeIDE/plugins/com.st.stm32cube.ide.mcu.externaltools.gnu-tools-for-stm32.12.3.rel1.win32_1.0.100.202403111256/tools/bin/../lib/gcc/arm-none-eabi/12.3.1/thumb/v7-m/nofp/crti.o
 .ARM.attributes
                0x0000001d       0x2d C:/ST/STM32CubeIDE_1.14.1/STM32CubeIDE/plugins/com.st.stm32cube.ide.mcu.externaltools.gnu-tools-for-stm32.12.3.rel1.win32_1.0.100.202403111256/tools/bin/../lib/gcc/arm-none-eabi/12.3.1/thumb/v7-m/nofp/crtbegin.o
 .ARM.attributes
                0x0000004a       0x2d ./Core/Src/adc.o
 .ARM.attributes
                0x00000077       0x2d ./Core/Src/as5048a.o
 .ARM.attributes
                0x000000a4       0x2d ./Core/Src/can.o
 .ARM.attributes
                0x000000d1       0x2d ./Core/Src/dma.o
 .ARM.attributes
                0x000000fe       0x2d ./Core/Src/gpio.o
 .ARM.attributes
                0x0000012b       0x2d ./Core/Src/i2c.o
 .ARM.attributes
                0x00000158       0x2d ./Core/Src/main.o
 .ARM.attributes
                0x00000185       0x2d ./Core/Src/pid.o
 .ARM.attributes
                0x000001b2       0x2d ./Core/Src/spi.o
 .ARM.attributes
                0x000001df       0x2d ./Core/Src/stm32f1xx_hal_msp.o
 .ARM.attributes
                0x0000020c       0x2d ./Core/Src/stm32f1xx_it.o
 .ARM.attributes
                0x00000239       0x2d ./Core/Src/system_stm32f1xx.o
 .ARM.attributes
                0x00000266       0x2d ./Core/Src/tim.o
 .ARM.attributes
                0x00000293       0x2d ./Core/Src/tmc_2590.o
 .ARM.attributes
                0x000002c0       0x21 ./Core/Startup/startup_stm32f103c8tx.o
 .ARM.attributes
                0x000002e1       0x2d ./Drivers/AS5048A/Src/stm32f1xx_as5048a.o
 .ARM.attributes
                0x0000030e       0x2d ./Drivers/PID_lib/Src/PID_lib.o
 .ARM.attributes
                0x0000033b       0x2d ./Drivers/STM32F1xx_HAL_Driver/Src/stm32f1xx_hal.o
 .ARM.attributes
                0x00000368       0x2d ./Drivers/STM32F1xx_HAL_Driver/Src/stm32f1xx_hal_adc.o
 .ARM.attributes
                0x00000395       0x2d ./Drivers/STM32F1xx_HAL_Driver/Src/stm32f1xx_hal_adc_ex.o
 .ARM.attributes
                0x000003c2       0x2d ./Drivers/STM32F1xx_HAL_Driver/Src/stm32f1xx_hal_can.o
 .ARM.attributes
                0x000003ef       0x2d ./Drivers/STM32F1xx_HAL_Driver/Src/stm32f1xx_hal_cortex.o
 .ARM.attributes
                0x0000041c       0x2d ./Drivers/STM32F1xx_HAL_Driver/Src/stm32f1xx_hal_dma.o
 .ARM.attributes
                0x00000449       0x2d ./Drivers/STM32F1xx_HAL_Driver/Src/stm32f1xx_hal_gpio.o
 .ARM.attributes
                0x00000476       0x2d ./Drivers/STM32F1xx_HAL_Driver/Src/stm32f1xx_hal_i2c.o
 .ARM.attributes
                0x000004a3       0x2d ./Drivers/STM32F1xx_HAL_Driver/Src/stm32f1xx_hal_rcc.o
 .ARM.attributes
                0x000004d0       0x2d ./Drivers/STM32F1xx_HAL_Driver/Src/stm32f1xx_hal_rcc_ex.o
 .ARM.attributes
                0x000004fd       0x2d ./Drivers/STM32F1xx_HAL_Driver/Src/stm32f1xx_hal_spi.o
 .ARM.attributes
                0x0000052a       0x2d ./Drivers/STM32F1xx_HAL_Driver/Src/stm32f1xx_hal_tim.o
 .ARM.attributes
                0x00000557       0x2d ./Drivers/STM32F1xx_HAL_Driver/Src/stm32f1xx_hal_tim_ex.o
 .ARM.attributes
                0x00000584       0x2d ./Drivers/TMC_2590/Src/stm32f1xx_tmc_2590.o
 .ARM.attributes
                0x000005b1       0x2d C:/ST/STM32CubeIDE_1.14.1/STM32CubeIDE/plugins/com.st.stm32cube.ide.mcu.externaltools.gnu-tools-for-stm32.12.3.rel1.win32_1.0.100.202403111256/tools/bin/../lib/gcc/arm-none-eabi/12.3.1/../../../../arm-none-eabi/lib/thumb/v7-m/nofp\libc_nano.a(libc_a-memset.o)
 .ARM.attributes
                0x000005de       0x2d C:/ST/STM32CubeIDE_1.14.1/STM32CubeIDE/plugins/com.st.stm32cube.ide.mcu.externaltools.gnu-tools-for-stm32.12.3.rel1.win32_1.0.100.202403111256/tools/bin/../lib/gcc/arm-none-eabi/12.3.1/../../../../arm-none-eabi/lib/thumb/v7-m/nofp\libc_nano.a(libc_a-init.o)
 .ARM.attributes
                0x0000060b       0x1d C:/ST/STM32CubeIDE_1.14.1/STM32CubeIDE/plugins/com.st.stm32cube.ide.mcu.externaltools.gnu-tools-for-stm32.12.3.rel1.win32_1.0.100.202403111256/tools/bin/../lib/gcc/arm-none-eabi/12.3.1/thumb/v7-m/nofp\libgcc.a(_arm_addsubdf3.o)
 .ARM.attributes
                0x00000628       0x1d C:/ST/STM32CubeIDE_1.14.1/STM32CubeIDE/plugins/com.st.stm32cube.ide.mcu.externaltools.gnu-tools-for-stm32.12.3.rel1.win32_1.0.100.202403111256/tools/bin/../lib/gcc/arm-none-eabi/12.3.1/thumb/v7-m/nofp/crtn.o
OUTPUT(RAD.elf elf32-littlearm)
LOAD linker stubs
LOAD C:/ST/STM32CubeIDE_1.14.1/STM32CubeIDE/plugins/com.st.stm32cube.ide.mcu.externaltools.gnu-tools-for-stm32.12.3.rel1.win32_1.0.100.202403111256/tools/bin/../lib/gcc/arm-none-eabi/12.3.1/../../../../arm-none-eabi/lib/thumb/v7-m/nofp\libc.a
LOAD C:/ST/STM32CubeIDE_1.14.1/STM32CubeIDE/plugins/com.st.stm32cube.ide.mcu.externaltools.gnu-tools-for-stm32.12.3.rel1.win32_1.0.100.202403111256/tools/bin/../lib/gcc/arm-none-eabi/12.3.1/../../../../arm-none-eabi/lib/thumb/v7-m/nofp\libm.a
LOAD C:/ST/STM32CubeIDE_1.14.1/STM32CubeIDE/plugins/com.st.stm32cube.ide.mcu.externaltools.gnu-tools-for-stm32.12.3.rel1.win32_1.0.100.202403111256/tools/bin/../lib/gcc/arm-none-eabi/12.3.1/thumb/v7-m/nofp\libgcc.a

.debug_info     0x00000000    0x158b2
 .debug_info    0x00000000      0xa4b ./Core/Src/adc.o
 .debug_info    0x00000a4b      0x71d ./Core/Src/as5048a.o
 .debug_info    0x00001168      0x873 ./Core/Src/can.o
 .debug_info    0x000019db      0x2d6 ./Core/Src/dma.o
 .debug_info    0x00001cb1      0x455 ./Core/Src/gpio.o
 .debug_info    0x00002106      0x7ea ./Core/Src/i2c.o
 .debug_info    0x000028f0     0x125a ./Core/Src/main.o
 .debug_info    0x00003b4a      0x796 ./Core/Src/pid.o
 .debug_info    0x000042e0      0x811 ./Core/Src/spi.o
 .debug_info    0x00004af1      0x1f8 ./Core/Src/stm32f1xx_hal_msp.o
 .debug_info    0x00004ce9      0x9b7 ./Core/Src/stm32f1xx_it.o
 .debug_info    0x000056a0      0x222 ./Core/Src/system_stm32f1xx.o
 .debug_info    0x000058c2      0xaf7 ./Core/Src/tim.o
 .debug_info    0x000063b9      0xe14 ./Core/Src/tmc_2590.o
 .debug_info    0x000071cd       0x30 ./Core/Startup/startup_stm32f103c8tx.o
 .debug_info    0x000071fd      0x96e ./Drivers/AS5048A/Src/stm32f1xx_as5048a.o
 .debug_info    0x00007b6b      0x224 ./Drivers/PID_lib/Src/PID_lib.o
 .debug_info    0x00007d8f      0x73b ./Drivers/STM32F1xx_HAL_Driver/Src/stm32f1xx_hal.o
 .debug_info    0x000084ca      0xc76 ./Drivers/STM32F1xx_HAL_Driver/Src/stm32f1xx_hal_adc.o
 .debug_info    0x00009140      0xa52 ./Drivers/STM32F1xx_HAL_Driver/Src/stm32f1xx_hal_adc_ex.o
 .debug_info    0x00009b92      0xf43 ./Drivers/STM32F1xx_HAL_Driver/Src/stm32f1xx_hal_can.o
 .debug_info    0x0000aad5      0xaa1 ./Drivers/STM32F1xx_HAL_Driver/Src/stm32f1xx_hal_cortex.o
 .debug_info    0x0000b576      0x707 ./Drivers/STM32F1xx_HAL_Driver/Src/stm32f1xx_hal_dma.o
 .debug_info    0x0000bc7d      0x5dc ./Drivers/STM32F1xx_HAL_Driver/Src/stm32f1xx_hal_gpio.o
 .debug_info    0x0000c259     0x2527 ./Drivers/STM32F1xx_HAL_Driver/Src/stm32f1xx_hal_i2c.o
 .debug_info    0x0000e780      0x7f0 ./Drivers/STM32F1xx_HAL_Driver/Src/stm32f1xx_hal_rcc.o
 .debug_info    0x0000ef70      0x3dc ./Drivers/STM32F1xx_HAL_Driver/Src/stm32f1xx_hal_rcc_ex.o
 .debug_info    0x0000f34c     0x1519 ./Drivers/STM32F1xx_HAL_Driver/Src/stm32f1xx_hal_spi.o
 .debug_info    0x00010865     0x29a5 ./Drivers/STM32F1xx_HAL_Driver/Src/stm32f1xx_hal_tim.o
 .debug_info    0x0001320a     0x14ef ./Drivers/STM32F1xx_HAL_Driver/Src/stm32f1xx_hal_tim_ex.o
 .debug_info    0x000146f9     0x11b9 ./Drivers/TMC_2590/Src/stm32f1xx_tmc_2590.o

.debug_abbrev   0x00000000     0x3baf
 .debug_abbrev  0x00000000      0x204 ./Core/Src/adc.o
 .debug_abbrev  0x00000204      0x173 ./Core/Src/as5048a.o
 .debug_abbrev  0x00000377      0x243 ./Core/Src/can.o
 .debug_abbrev  0x000005ba       0xfc ./Core/Src/dma.o
 .debug_abbrev  0x000006b6      0x161 ./Core/Src/gpio.o
 .debug_abbrev  0x00000817      0x1de ./Core/Src/i2c.o
 .debug_abbrev  0x000009f5      0x24e ./Core/Src/main.o
 .debug_abbrev  0x00000c43      0x160 ./Core/Src/pid.o
 .debug_abbrev  0x00000da3      0x1e6 ./Core/Src/spi.o
 .debug_abbrev  0x00000f89       0xdb ./Core/Src/stm32f1xx_hal_msp.o
 .debug_abbrev  0x00001064      0x208 ./Core/Src/stm32f1xx_it.o
 .debug_abbrev  0x0000126c      0x13f ./Core/Src/system_stm32f1xx.o
 .debug_abbrev  0x000013ab      0x232 ./Core/Src/tim.o
 .debug_abbrev  0x000015dd      0x195 ./Core/Src/tmc_2590.o
 .debug_abbrev  0x00001772       0x24 ./Core/Startup/startup_stm32f103c8tx.o
 .debug_abbrev  0x00001796      0x1e2 ./Drivers/AS5048A/Src/stm32f1xx_as5048a.o
 .debug_abbrev  0x00001978      0x114 ./Drivers/PID_lib/Src/PID_lib.o
 .debug_abbrev  0x00001a8c      0x209 ./Drivers/STM32F1xx_HAL_Driver/Src/stm32f1xx_hal.o
 .debug_abbrev  0x00001c95      0x225 ./Drivers/STM32F1xx_HAL_Driver/Src/stm32f1xx_hal_adc.o
 .debug_abbrev  0x00001eba      0x228 ./Drivers/STM32F1xx_HAL_Driver/Src/stm32f1xx_hal_adc_ex.o
 .debug_abbrev  0x000020e2      0x248 ./Drivers/STM32F1xx_HAL_Driver/Src/stm32f1xx_hal_can.o
 .debug_abbrev  0x0000232a      0x2fa ./Drivers/STM32F1xx_HAL_Driver/Src/stm32f1xx_hal_cortex.o
 .debug_abbrev  0x00002624      0x220 ./Drivers/STM32F1xx_HAL_Driver/Src/stm32f1xx_hal_dma.o
 .debug_abbrev  0x00002844      0x1e7 ./Drivers/STM32F1xx_HAL_Driver/Src/stm32f1xx_hal_gpio.o
 .debug_abbrev  0x00002a2b      0x2b8 ./Drivers/STM32F1xx_HAL_Driver/Src/stm32f1xx_hal_i2c.o
 .debug_abbrev  0x00002ce3      0x2ad ./Drivers/STM32F1xx_HAL_Driver/Src/stm32f1xx_hal_rcc.o
 .debug_abbrev  0x00002f90      0x1a5 ./Drivers/STM32F1xx_HAL_Driver/Src/stm32f1xx_hal_rcc_ex.o
 .debug_abbrev  0x00003135      0x299 ./Drivers/STM32F1xx_HAL_Driver/Src/stm32f1xx_hal_spi.o
 .debug_abbrev  0x000033ce      0x28b ./Drivers/STM32F1xx_HAL_Driver/Src/stm32f1xx_hal_tim.o
 .debug_abbrev  0x00003659      0x280 ./Drivers/STM32F1xx_HAL_Driver/Src/stm32f1xx_hal_tim_ex.o
 .debug_abbrev  0x000038d9      0x2d6 ./Drivers/TMC_2590/Src/stm32f1xx_tmc_2590.o

.debug_aranges  0x00000000     0x13b0
 .debug_aranges
                0x00000000       0x38 ./Core/Src/adc.o
 .debug_aranges
                0x00000038       0x20 ./Core/Src/as5048a.o
 .debug_aranges
                0x00000058       0x30 ./Core/Src/can.o
 .debug_aranges
                0x00000088       0x20 ./Core/Src/dma.o
 .debug_aranges
                0x000000a8       0x20 ./Core/Src/gpio.o
 .debug_aranges
                0x000000c8       0x30 ./Core/Src/i2c.o
 .debug_aranges
                0x000000f8       0x40 ./Core/Src/main.o
 .debug_aranges
                0x00000138       0x20 ./Core/Src/pid.o
 .debug_aranges
                0x00000158       0x38 ./Core/Src/spi.o
 .debug_aranges
                0x00000190       0x20 ./Core/Src/stm32f1xx_hal_msp.o
 .debug_aranges
                0x000001b0       0x88 ./Core/Src/stm32f1xx_it.o
 .debug_aranges
                0x00000238       0x28 ./Core/Src/system_stm32f1xx.o
 .debug_aranges
                0x00000260       0x38 ./Core/Src/tim.o
 .debug_aranges
                0x00000298       0x20 ./Core/Src/tmc_2590.o
 .debug_aranges
                0x000002b8       0x28 ./Core/Startup/startup_stm32f103c8tx.o
 .debug_aranges
                0x000002e0       0x60 ./Drivers/AS5048A/Src/stm32f1xx_as5048a.o
 .debug_aranges
                0x00000340       0x30 ./Drivers/PID_lib/Src/PID_lib.o
 .debug_aranges
                0x00000370       0xe0 ./Drivers/STM32F1xx_HAL_Driver/Src/stm32f1xx_hal.o
 .debug_aranges
                0x00000450       0xf0 ./Drivers/STM32F1xx_HAL_Driver/Src/stm32f1xx_hal_adc.o
 .debug_aranges
                0x00000540       0x80 ./Drivers/STM32F1xx_HAL_Driver/Src/stm32f1xx_hal_adc_ex.o
 .debug_aranges
                0x000005c0      0x138 ./Drivers/STM32F1xx_HAL_Driver/Src/stm32f1xx_hal_can.o
 .debug_aranges
                0x000006f8      0x100 ./Drivers/STM32F1xx_HAL_Driver/Src/stm32f1xx_hal_cortex.o
 .debug_aranges
                0x000007f8       0x80 ./Drivers/STM32F1xx_HAL_Driver/Src/stm32f1xx_hal_dma.o
 .debug_aranges
                0x00000878       0x58 ./Drivers/STM32F1xx_HAL_Driver/Src/stm32f1xx_hal_gpio.o
 .debug_aranges
                0x000008d0      0x2a8 ./Drivers/STM32F1xx_HAL_Driver/Src/stm32f1xx_hal_i2c.o
 .debug_aranges
                0x00000b78       0x90 ./Drivers/STM32F1xx_HAL_Driver/Src/stm32f1xx_hal_rcc.o
 .debug_aranges
                0x00000c08       0x30 ./Drivers/STM32F1xx_HAL_Driver/Src/stm32f1xx_hal_rcc_ex.o
 .debug_aranges
                0x00000c38      0x1d0 ./Drivers/STM32F1xx_HAL_Driver/Src/stm32f1xx_hal_spi.o
 .debug_aranges
                0x00000e08      0x3d0 ./Drivers/STM32F1xx_HAL_Driver/Src/stm32f1xx_hal_tim.o
 .debug_aranges
                0x000011d8      0x168 ./Drivers/STM32F1xx_HAL_Driver/Src/stm32f1xx_hal_tim_ex.o
 .debug_aranges
                0x00001340       0x70 ./Drivers/TMC_2590/Src/stm32f1xx_tmc_2590.o

.debug_rnglists
                0x00000000      0xf35
 .debug_rnglists
                0x00000000       0x28 ./Core/Src/adc.o
 .debug_rnglists
                0x00000028       0x13 ./Core/Src/as5048a.o
 .debug_rnglists
                0x0000003b       0x20 ./Core/Src/can.o
 .debug_rnglists
                0x0000005b       0x13 ./Core/Src/dma.o
 .debug_rnglists
                0x0000006e       0x14 ./Core/Src/gpio.o
 .debug_rnglists
                0x00000082       0x1f ./Core/Src/i2c.o
 .debug_rnglists
                0x000000a1       0x2c ./Core/Src/main.o
 .debug_rnglists
                0x000000cd       0x13 ./Core/Src/pid.o
 .debug_rnglists
                0x000000e0       0x26 ./Core/Src/spi.o
 .debug_rnglists
                0x00000106       0x13 ./Core/Src/stm32f1xx_hal_msp.o
 .debug_rnglists
                0x00000119       0x61 ./Core/Src/stm32f1xx_it.o
 .debug_rnglists
                0x0000017a       0x1a ./Core/Src/system_stm32f1xx.o
 .debug_rnglists
                0x00000194       0x28 ./Core/Src/tim.o
 .debug_rnglists
                0x000001bc       0x14 ./Core/Src/tmc_2590.o
 .debug_rnglists
                0x000001d0       0x19 ./Core/Startup/startup_stm32f103c8tx.o
 .debug_rnglists
                0x000001e9       0x43 ./Drivers/AS5048A/Src/stm32f1xx_as5048a.o
 .debug_rnglists
                0x0000022c       0x20 ./Drivers/PID_lib/Src/PID_lib.o
 .debug_rnglists
                0x0000024c       0xa3 ./Drivers/STM32F1xx_HAL_Driver/Src/stm32f1xx_hal.o
 .debug_rnglists
                0x000002ef       0xbe ./Drivers/STM32F1xx_HAL_Driver/Src/stm32f1xx_hal_adc.o
 .debug_rnglists
                0x000003ad       0x66 ./Drivers/STM32F1xx_HAL_Driver/Src/stm32f1xx_hal_adc_ex.o
 .debug_rnglists
                0x00000413       0xee ./Drivers/STM32F1xx_HAL_Driver/Src/stm32f1xx_hal_can.o
 .debug_rnglists
                0x00000501       0xbb ./Drivers/STM32F1xx_HAL_Driver/Src/stm32f1xx_hal_cortex.o
 .debug_rnglists
                0x000005bc       0x64 ./Drivers/STM32F1xx_HAL_Driver/Src/stm32f1xx_hal_dma.o
 .debug_rnglists
                0x00000620       0x40 ./Drivers/STM32F1xx_HAL_Driver/Src/stm32f1xx_hal_gpio.o
 .debug_rnglists
                0x00000660      0x23d ./Drivers/STM32F1xx_HAL_Driver/Src/stm32f1xx_hal_i2c.o
 .debug_rnglists
                0x0000089d       0x6e ./Drivers/STM32F1xx_HAL_Driver/Src/stm32f1xx_hal_rcc.o
 .debug_rnglists
                0x0000090b       0x21 ./Drivers/STM32F1xx_HAL_Driver/Src/stm32f1xx_hal_rcc_ex.o
 .debug_rnglists
                0x0000092c      0x16e ./Drivers/STM32F1xx_HAL_Driver/Src/stm32f1xx_hal_spi.o
 .debug_rnglists
                0x00000a9a      0x321 ./Drivers/STM32F1xx_HAL_Driver/Src/stm32f1xx_hal_tim.o
 .debug_rnglists
                0x00000dbb      0x127 ./Drivers/STM32F1xx_HAL_Driver/Src/stm32f1xx_hal_tim_ex.o
 .debug_rnglists
                0x00000ee2       0x53 ./Drivers/TMC_2590/Src/stm32f1xx_tmc_2590.o

.debug_macro    0x00000000    0x1a07f
 .debug_macro   0x00000000      0x202 ./Core/Src/adc.o
 .debug_macro   0x00000202      0xaa8 ./Core/Src/adc.o
 .debug_macro   0x00000caa      0x23a ./Core/Src/adc.o
 .debug_macro   0x00000ee4       0x2e ./Core/Src/adc.o
 .debug_macro   0x00000f12       0x22 ./Core/Src/adc.o
 .debug_macro   0x00000f34       0x22 ./Core/Src/adc.o
 .debug_macro   0x00000f56       0x8e ./Core/Src/adc.o
 .debug_macro   0x00000fe4       0x51 ./Core/Src/adc.o
 .debug_macro   0x00001035      0x103 ./Core/Src/adc.o
 .debug_macro   0x00001138       0x6a ./Core/Src/adc.o
 .debug_macro   0x000011a2      0x1df ./Core/Src/adc.o
 .debug_macro   0x00001381       0x1c ./Core/Src/adc.o
 .debug_macro   0x0000139d       0x22 ./Core/Src/adc.o
 .debug_macro   0x000013bf       0xbd ./Core/Src/adc.o
 .debug_macro   0x0000147c      0xd23 ./Core/Src/adc.o
 .debug_macro   0x0000219f     0xe09e ./Core/Src/adc.o
 .debug_macro   0x0001023d       0x6d ./Core/Src/adc.o
 .debug_macro   0x000102aa     0x348d ./Core/Src/adc.o
 .debug_macro   0x00013737      0x189 ./Core/Src/adc.o
 .debug_macro   0x000138c0       0x5c ./Core/Src/adc.o
 .debug_macro   0x0001391c      0x5bc ./Core/Src/adc.o
 .debug_macro   0x00013ed8      0x289 ./Core/Src/adc.o
 .debug_macro   0x00014161      0x1cb ./Core/Src/adc.o
 .debug_macro   0x0001432c      0x114 ./Core/Src/adc.o
 .debug_macro   0x00014440      0x1b2 ./Core/Src/adc.o
 .debug_macro   0x000145f2       0x27 ./Core/Src/adc.o
 .debug_macro   0x00014619      0x136 ./Core/Src/adc.o
 .debug_macro   0x0001474f      0x1bc ./Core/Src/adc.o
 .debug_macro   0x0001490b       0x34 ./Core/Src/adc.o
 .debug_macro   0x0001493f       0x3c ./Core/Src/adc.o
 .debug_macro   0x0001497b      0x408 ./Core/Src/adc.o
 .debug_macro   0x00014d83       0x57 ./Core/Src/adc.o
 .debug_macro   0x00014dda      0x46a ./Core/Src/adc.o
 .debug_macro   0x00015244      0x1b5 ./Core/Src/adc.o
 .debug_macro   0x000153f9       0x87 ./Core/Src/adc.o
 .debug_macro   0x00015480      0x240 ./Core/Src/adc.o
 .debug_macro   0x000156c0      0x287 ./Core/Src/adc.o
 .debug_macro   0x00015947      0x140 ./Core/Src/adc.o
 .debug_macro   0x00015a87      0x217 ./Core/Src/adc.o
 .debug_macro   0x00015c9e      0x8ed ./Core/Src/adc.o
 .debug_macro   0x0001658b       0x83 ./Core/Src/adc.o
 .debug_macro   0x0001660e       0xe8 ./Core/Src/adc.o
 .debug_macro   0x000166f6      0x20c ./Core/Src/as5048a.o
 .debug_macro   0x00016902      0x202 ./Core/Src/can.o
 .debug_macro   0x00016b04      0x202 ./Core/Src/dma.o
 .debug_macro   0x00016d06      0x202 ./Core/Src/gpio.o
 .debug_macro   0x00016f08      0x202 ./Core/Src/i2c.o
 .debug_macro   0x0001710a      0x260 ./Core/Src/main.o
 .debug_macro   0x0001736a      0x20c ./Core/Src/pid.o
 .debug_macro   0x00017576      0x202 ./Core/Src/spi.o
 .debug_macro   0x00017778      0x1f8 ./Core/Src/stm32f1xx_hal_msp.o
 .debug_macro   0x00017970      0x202 ./Core/Src/stm32f1xx_it.o
 .debug_macro   0x00017b72      0x1cb ./Core/Src/system_stm32f1xx.o
 .debug_macro   0x00017d3d      0x202 ./Core/Src/tim.o
 .debug_macro   0x00017f3f      0x216 ./Core/Src/tmc_2590.o
 .debug_macro   0x00018155      0x1d5 ./Drivers/AS5048A/Src/stm32f1xx_as5048a.o
 .debug_macro   0x0001832a      0x1d5 ./Drivers/PID_lib/Src/PID_lib.o
 .debug_macro   0x000184ff      0x1ef ./Drivers/STM32F1xx_HAL_Driver/Src/stm32f1xx_hal.o
 .debug_macro   0x000186ee      0x1e8 ./Drivers/STM32F1xx_HAL_Driver/Src/stm32f1xx_hal_adc.o
 .debug_macro   0x000188d6      0x1dd ./Drivers/STM32F1xx_HAL_Driver/Src/stm32f1xx_hal_adc_ex.o
 .debug_macro   0x00018ab3      0x1d3 ./Drivers/STM32F1xx_HAL_Driver/Src/stm32f1xx_hal_can.o
 .debug_macro   0x00018c86      0x1cb ./Drivers/STM32F1xx_HAL_Driver/Src/stm32f1xx_hal_cortex.o
 .debug_macro   0x00018e51      0x1cb ./Drivers/STM32F1xx_HAL_Driver/Src/stm32f1xx_hal_dma.o
 .debug_macro   0x0001901c      0x236 ./Drivers/STM32F1xx_HAL_Driver/Src/stm32f1xx_hal_gpio.o
 .debug_macro   0x00019252      0x219 ./Drivers/STM32F1xx_HAL_Driver/Src/stm32f1xx_hal_i2c.o
 .debug_macro   0x0001946b      0x1dd ./Drivers/STM32F1xx_HAL_Driver/Src/stm32f1xx_hal_rcc.o
 .debug_macro   0x00019648      0x1cb ./Drivers/STM32F1xx_HAL_Driver/Src/stm32f1xx_hal_rcc_ex.o
 .debug_macro   0x00019813      0x1d3 ./Drivers/STM32F1xx_HAL_Driver/Src/stm32f1xx_hal_spi.o
 .debug_macro   0x000199e6      0x1cc ./Drivers/STM32F1xx_HAL_Driver/Src/stm32f1xx_hal_tim.o
 .debug_macro   0x00019bb2      0x1cb ./Drivers/STM32F1xx_HAL_Driver/Src/stm32f1xx_hal_tim_ex.o
 .debug_macro   0x00019d7d      0x2a1 ./Drivers/TMC_2590/Src/stm32f1xx_tmc_2590.o
 .debug_macro   0x0001a01e       0x61 ./Drivers/TMC_2590/Src/stm32f1xx_tmc_2590.o

.debug_line     0x00000000    0x1e889
 .debug_line    0x00000000      0x9cd ./Core/Src/adc.o
 .debug_line    0x000009cd      0x8c8 ./Core/Src/as5048a.o
 .debug_line    0x00001295      0x925 ./Core/Src/can.o
 .debug_line    0x00001bba      0x8aa ./Core/Src/dma.o
 .debug_line    0x00002464      0x8ff ./Core/Src/gpio.o
 .debug_line    0x00002d63      0x914 ./Core/Src/i2c.o
 .debug_line    0x00003677      0x9df ./Core/Src/main.o
 .debug_line    0x00004056      0x8bd ./Core/Src/pid.o
 .debug_line    0x00004913      0x9a2 ./Core/Src/spi.o
 .debug_line    0x000052b5      0x8af ./Core/Src/stm32f1xx_hal_msp.o
 .debug_line    0x00005b64      0x9ea ./Core/Src/stm32f1xx_it.o
 .debug_line    0x0000654e      0x7e1 ./Core/Src/system_stm32f1xx.o
 .debug_line    0x00006d2f      0x98d ./Core/Src/tim.o
 .debug_line    0x000076bc      0x942 ./Core/Src/tmc_2590.o
 .debug_line    0x00007ffe       0x78 ./Core/Startup/startup_stm32f103c8tx.o
 .debug_line    0x00008076      0x9e3 ./Drivers/AS5048A/Src/stm32f1xx_as5048a.o
 .debug_line    0x00008a59      0x8b7 ./Drivers/PID_lib/Src/PID_lib.o
 .debug_line    0x00009310      0xa22 ./Drivers/STM32F1xx_HAL_Driver/Src/stm32f1xx_hal.o
 .debug_line    0x00009d32     0x135f ./Drivers/STM32F1xx_HAL_Driver/Src/stm32f1xx_hal_adc.o
 .debug_line    0x0000b091      0xfb5 ./Drivers/STM32F1xx_HAL_Driver/Src/stm32f1xx_hal_adc_ex.o
 .debug_line    0x0000c046     0x140d ./Drivers/STM32F1xx_HAL_Driver/Src/stm32f1xx_hal_can.o
 .debug_line    0x0000d453      0xc87 ./Drivers/STM32F1xx_HAL_Driver/Src/stm32f1xx_hal_cortex.o
 .debug_line    0x0000e0da      0xf43 ./Drivers/STM32F1xx_HAL_Driver/Src/stm32f1xx_hal_dma.o
 .debug_line    0x0000f01d      0xc05 ./Drivers/STM32F1xx_HAL_Driver/Src/stm32f1xx_hal_gpio.o
 .debug_line    0x0000fc22     0x3eb7 ./Drivers/STM32F1xx_HAL_Driver/Src/stm32f1xx_hal_i2c.o
 .debug_line    0x00013ad9      0xfec ./Drivers/STM32F1xx_HAL_Driver/Src/stm32f1xx_hal_rcc.o
 .debug_line    0x00014ac5      0x9ba ./Drivers/STM32F1xx_HAL_Driver/Src/stm32f1xx_hal_rcc_ex.o
 .debug_line    0x0001547f     0x1e36 ./Drivers/STM32F1xx_HAL_Driver/Src/stm32f1xx_hal_spi.o
 .debug_line    0x000172b5     0x4ae9 ./Drivers/STM32F1xx_HAL_Driver/Src/stm32f1xx_hal_tim.o
 .debug_line    0x0001bd9e     0x1d48 ./Drivers/STM32F1xx_HAL_Driver/Src/stm32f1xx_hal_tim_ex.o
 .debug_line    0x0001dae6      0xda3 ./Drivers/TMC_2590/Src/stm32f1xx_tmc_2590.o

.debug_str      0x00000000    0x94269
 .debug_str     0x00000000    0x8ba7a ./Core/Src/adc.o
                              0x8bf15 (size before relaxing)
 .debug_str     0x0008ba7a      0x333 ./Core/Src/as5048a.o
                              0x8bc52 (size before relaxing)
 .debug_str     0x0008bdad      0x2b2 ./Core/Src/can.o
                              0x8bddc (size before relaxing)
 .debug_str     0x0008c05f       0x29 ./Core/Src/dma.o
                              0x8ba35 (size before relaxing)
 .debug_str     0x0008c088       0x68 ./Core/Src/gpio.o
                              0x8bade (size before relaxing)
 .debug_str     0x0008c0f0      0x28f ./Core/Src/i2c.o
                              0x8bc91 (size before relaxing)
 .debug_str     0x0008c37f      0x8ac ./Core/Src/main.o
                              0x8c68b (size before relaxing)
 .debug_str     0x0008cc2b       0x84 ./Core/Src/pid.o
                              0x8bc50 (size before relaxing)
 .debug_str     0x0008ccaf       0x51 ./Core/Src/spi.o
                              0x8bbfb (size before relaxing)
 .debug_str     0x0008cd00       0x50 ./Core/Src/stm32f1xx_hal_msp.o
                              0x8b75f (size before relaxing)
 .debug_str     0x0008cd50      0x168 ./Core/Src/stm32f1xx_it.o
                              0x8bdd5 (size before relaxing)
 .debug_str     0x0008ceb8       0x7e ./Core/Src/system_stm32f1xx.o
                              0x8b33b (size before relaxing)
 .debug_str     0x0008cf36      0x20c ./Core/Src/tim.o
                              0x8bed4 (size before relaxing)
 .debug_str     0x0008d142       0x25 ./Core/Src/tmc_2590.o
                              0x8c1df (size before relaxing)
 .debug_str     0x0008d167       0x44 ./Core/Startup/startup_stm32f103c8tx.o
                                 0x86 (size before relaxing)
 .debug_str     0x0008d1ab      0x183 ./Drivers/AS5048A/Src/stm32f1xx_as5048a.o
                              0x8b9cf (size before relaxing)
 .debug_str     0x0008d32e       0xcb ./Drivers/PID_lib/Src/PID_lib.o
                              0x8b3cb (size before relaxing)
 .debug_str     0x0008d3f9      0x373 ./Drivers/STM32F1xx_HAL_Driver/Src/stm32f1xx_hal.o
                              0x8ba8e (size before relaxing)
 .debug_str     0x0008d76c      0x31b ./Drivers/STM32F1xx_HAL_Driver/Src/stm32f1xx_hal_adc.o
                              0x8ba2d (size before relaxing)
 .debug_str     0x0008da87      0x2d8 ./Drivers/STM32F1xx_HAL_Driver/Src/stm32f1xx_hal_adc_ex.o
                              0x8ba0f (size before relaxing)
 .debug_str     0x0008dd5f      0x54d ./Drivers/STM32F1xx_HAL_Driver/Src/stm32f1xx_hal_can.o
                              0x8bb49 (size before relaxing)
 .debug_str     0x0008e2ac      0x26c ./Drivers/STM32F1xx_HAL_Driver/Src/stm32f1xx_hal_cortex.o
                              0x8b9c8 (size before relaxing)
 .debug_str     0x0008e518      0x1e7 ./Drivers/STM32F1xx_HAL_Driver/Src/stm32f1xx_hal_dma.o
                              0x8b704 (size before relaxing)
 .debug_str     0x0008e6ff      0x2c8 ./Drivers/STM32F1xx_HAL_Driver/Src/stm32f1xx_hal_gpio.o
                              0x8b6e1 (size before relaxing)
 .debug_str     0x0008e9c7      0xb9b ./Drivers/STM32F1xx_HAL_Driver/Src/stm32f1xx_hal_i2c.o
                              0x8c410 (size before relaxing)
 .debug_str     0x0008f562      0x209 ./Drivers/STM32F1xx_HAL_Driver/Src/stm32f1xx_hal_rcc.o
                              0x8b778 (size before relaxing)
 .debug_str     0x0008f76b       0x84 ./Drivers/STM32F1xx_HAL_Driver/Src/stm32f1xx_hal_rcc_ex.o
                              0x8b4c8 (size before relaxing)
 .debug_str     0x0008f7ef      0x504 ./Drivers/STM32F1xx_HAL_Driver/Src/stm32f1xx_hal_spi.o
                              0x8bc75 (size before relaxing)
 .debug_str     0x0008fcf3      0xd34 ./Drivers/STM32F1xx_HAL_Driver/Src/stm32f1xx_hal_tim.o
                              0x8c77c (size before relaxing)
 .debug_str     0x00090a27      0x493 ./Drivers/STM32F1xx_HAL_Driver/Src/stm32f1xx_hal_tim_ex.o
                              0x8bf98 (size before relaxing)
 .debug_str     0x00090eba     0x33af ./Drivers/TMC_2590/Src/stm32f1xx_tmc_2590.o
                              0x8f22d (size before relaxing)

.comment        0x00000000       0x43
 .comment       0x00000000       0x43 ./Core/Src/adc.o
                                 0x44 (size before relaxing)
 .comment       0x00000043       0x44 ./Core/Src/as5048a.o
 .comment       0x00000043       0x44 ./Core/Src/can.o
 .comment       0x00000043       0x44 ./Core/Src/dma.o
 .comment       0x00000043       0x44 ./Core/Src/gpio.o
 .comment       0x00000043       0x44 ./Core/Src/i2c.o
 .comment       0x00000043       0x44 ./Core/Src/main.o
 .comment       0x00000043       0x44 ./Core/Src/pid.o
 .comment       0x00000043       0x44 ./Core/Src/spi.o
 .comment       0x00000043       0x44 ./Core/Src/stm32f1xx_hal_msp.o
 .comment       0x00000043       0x44 ./Core/Src/stm32f1xx_it.o
 .comment       0x00000043       0x44 ./Core/Src/system_stm32f1xx.o
 .comment       0x00000043       0x44 ./Core/Src/tim.o
 .comment       0x00000043       0x44 ./Core/Src/tmc_2590.o
 .comment       0x00000043       0x44 ./Drivers/AS5048A/Src/stm32f1xx_as5048a.o
 .comment       0x00000043       0x44 ./Drivers/PID_lib/Src/PID_lib.o
 .comment       0x00000043       0x44 ./Drivers/STM32F1xx_HAL_Driver/Src/stm32f1xx_hal.o
 .comment       0x00000043       0x44 ./Drivers/STM32F1xx_HAL_Driver/Src/stm32f1xx_hal_adc.o
 .comment       0x00000043       0x44 ./Drivers/STM32F1xx_HAL_Driver/Src/stm32f1xx_hal_adc_ex.o
 .comment       0x00000043       0x44 ./Drivers/STM32F1xx_HAL_Driver/Src/stm32f1xx_hal_can.o
 .comment       0x00000043       0x44 ./Drivers/STM32F1xx_HAL_Driver/Src/stm32f1xx_hal_cortex.o
 .comment       0x00000043       0x44 ./Drivers/STM32F1xx_HAL_Driver/Src/stm32f1xx_hal_dma.o
 .comment       0x00000043       0x44 ./Drivers/STM32F1xx_HAL_Driver/Src/stm32f1xx_hal_gpio.o
 .comment       0x00000043       0x44 ./Drivers/STM32F1xx_HAL_Driver/Src/stm32f1xx_hal_i2c.o
 .comment       0x00000043       0x44 ./Drivers/STM32F1xx_HAL_Driver/Src/stm32f1xx_hal_rcc.o
 .comment       0x00000043       0x44 ./Drivers/STM32F1xx_HAL_Driver/Src/stm32f1xx_hal_rcc_ex.o
 .comment       0x00000043       0x44 ./Drivers/STM32F1xx_HAL_Driver/Src/stm32f1xx_hal_spi.o
 .comment       0x00000043       0x44 ./Drivers/STM32F1xx_HAL_Driver/Src/stm32f1xx_hal_tim.o
 .comment       0x00000043       0x44 ./Drivers/STM32F1xx_HAL_Driver/Src/stm32f1xx_hal_tim_ex.o
 .comment       0x00000043       0x44 ./Drivers/TMC_2590/Src/stm32f1xx_tmc_2590.o

.debug_frame    0x00000000     0x5020
 .debug_frame   0x00000000       0xa0 ./Core/Src/adc.o
 .debug_frame   0x000000a0       0x2c ./Core/Src/as5048a.o
 .debug_frame   0x000000cc       0x74 ./Core/Src/can.o
 .debug_frame   0x00000140       0x34 ./Core/Src/dma.o
 .debug_frame   0x00000174       0x34 ./Core/Src/gpio.o
 .debug_frame   0x000001a8       0x74 ./Core/Src/i2c.o
 .debug_frame   0x0000021c       0xb4 ./Core/Src/main.o
 .debug_frame   0x000002d0       0x2c ./Core/Src/pid.o
 .debug_frame   0x000002fc       0x90 ./Core/Src/spi.o
 .debug_frame   0x0000038c       0x38 ./Core/Src/stm32f1xx_hal_msp.o
 .debug_frame   0x000003c4      0x190 ./Core/Src/stm32f1xx_it.o
 .debug_frame   0x00000554       0x58 ./Core/Src/system_stm32f1xx.o
 .debug_frame   0x000005ac       0xa0 ./Core/Src/tim.o
 .debug_frame   0x0000064c       0x2c ./Core/Src/tmc_2590.o
 .debug_frame   0x00000678      0x164 ./Drivers/AS5048A/Src/stm32f1xx_as5048a.o
 .debug_frame   0x000007dc       0x80 ./Drivers/PID_lib/Src/PID_lib.o
 .debug_frame   0x0000085c      0x334 ./Drivers/STM32F1xx_HAL_Driver/Src/stm32f1xx_hal.o
 .debug_frame   0x00000b90      0x408 ./Drivers/STM32F1xx_HAL_Driver/Src/stm32f1xx_hal_adc.o
 .debug_frame   0x00000f98      0x1f4 ./Drivers/STM32F1xx_HAL_Driver/Src/stm32f1xx_hal_adc_ex.o
 .debug_frame   0x0000118c      0x58c ./Drivers/STM32F1xx_HAL_Driver/Src/stm32f1xx_hal_can.o
 .debug_frame   0x00001718      0x424 ./Drivers/STM32F1xx_HAL_Driver/Src/stm32f1xx_hal_cortex.o
 .debug_frame   0x00001b3c      0x200 ./Drivers/STM32F1xx_HAL_Driver/Src/stm32f1xx_hal_dma.o
 .debug_frame   0x00001d3c      0x138 ./Drivers/STM32F1xx_HAL_Driver/Src/stm32f1xx_hal_gpio.o
 .debug_frame   0x00001e74      0xc70 ./Drivers/STM32F1xx_HAL_Driver/Src/stm32f1xx_hal_i2c.o
 .debug_frame   0x00002ae4      0x214 ./Drivers/STM32F1xx_HAL_Driver/Src/stm32f1xx_hal_rcc.o
 .debug_frame   0x00002cf8       0x80 ./Drivers/STM32F1xx_HAL_Driver/Src/stm32f1xx_hal_rcc_ex.o
 .debug_frame   0x00002d78      0x824 ./Drivers/STM32F1xx_HAL_Driver/Src/stm32f1xx_hal_spi.o
 .debug_frame   0x0000359c     0x11b4 ./Drivers/STM32F1xx_HAL_Driver/Src/stm32f1xx_hal_tim.o
 .debug_frame   0x00004750      0x624 ./Drivers/STM32F1xx_HAL_Driver/Src/stm32f1xx_hal_tim_ex.o
 .debug_frame   0x00004d74      0x1b4 ./Drivers/TMC_2590/Src/stm32f1xx_tmc_2590.o
 .debug_frame   0x00004f28       0x20 C:/ST/STM32CubeIDE_1.14.1/STM32CubeIDE/plugins/com.st.stm32cube.ide.mcu.externaltools.gnu-tools-for-stm32.12.3.rel1.win32_1.0.100.202403111256/tools/bin/../lib/gcc/arm-none-eabi/12.3.1/../../../../arm-none-eabi/lib/thumb/v7-m/nofp\libc_nano.a(libc_a-memset.o)
 .debug_frame   0x00004f48       0x2c C:/ST/STM32CubeIDE_1.14.1/STM32CubeIDE/plugins/com.st.stm32cube.ide.mcu.externaltools.gnu-tools-for-stm32.12.3.rel1.win32_1.0.100.202403111256/tools/bin/../lib/gcc/arm-none-eabi/12.3.1/../../../../arm-none-eabi/lib/thumb/v7-m/nofp\libc_nano.a(libc_a-init.o)
 .debug_frame   0x00004f74       0xac C:/ST/STM32CubeIDE_1.14.1/STM32CubeIDE/plugins/com.st.stm32cube.ide.mcu.externaltools.gnu-tools-for-stm32.12.3.rel1.win32_1.0.100.202403111256/tools/bin/../lib/gcc/arm-none-eabi/12.3.1/thumb/v7-m/nofp\libgcc.a(_arm_addsubdf3.o)

.debug_line_str
                0x00000000       0x6a
 .debug_line_str
                0x00000000       0x6a ./Core/Startup/startup_stm32f103c8tx.o
