../Core/Src/main.c:72:6:setupTxCAN	4	static
../Core/Src/main.c:91:6:setupRxCAN	8	static
../Core/Src/main.c:108:6:txCAN	16	static
../Core/Src/main.c:125:6:HAL_CAN_RxFifo0MsgPendingCallback	24	static
../Core/Src/main.c:148:5:main	40	static
../Core/Src/main.c:252:6:SystemClock_Config	72	static
../Core/Src/main.c:293:13:MX_CAN_Init	8	static
../Core/Src/main.c:336:13:MX_I2C1_Init	8	static
../Core/Src/main.c:370:13:MX_GPIO_Init	40	static
../Core/Src/main.c:404:6:Error_Handler	4	static,ignoring_inline_asm
