Archive member included to satisfy reference by file (symbol)

C:/ST/STM32CubeIDE_1.13.2/STM32CubeIDE/plugins/com.st.stm32cube.ide.mcu.externaltools.gnu-tools-for-stm32.12.3.rel1.win32_1.0.100.202403111256/tools/bin/../lib/gcc/arm-none-eabi/12.3.1/../../../../arm-none-eabi/lib/thumb/v7-m/nofp\libc_nano.a(libc_a-exit.o)
                              C:/ST/STM32CubeIDE_1.13.2/STM32CubeIDE/plugins/com.st.stm32cube.ide.mcu.externaltools.gnu-tools-for-stm32.12.3.rel1.win32_1.0.100.202403111256/tools/bin/../lib/gcc/arm-none-eabi/12.3.1/../../../../arm-none-eabi/lib/thumb/v7-m/nofp/crt0.o (exit)
C:/ST/STM32CubeIDE_1.13.2/STM32CubeIDE/plugins/com.st.stm32cube.ide.mcu.externaltools.gnu-tools-for-stm32.12.3.rel1.win32_1.0.100.202403111256/tools/bin/../lib/gcc/arm-none-eabi/12.3.1/../../../../arm-none-eabi/lib/thumb/v7-m/nofp\libc_nano.a(libc_a-findfp.o)
                              C:/ST/STM32CubeIDE_1.13.2/STM32CubeIDE/plugins/com.st.stm32cube.ide.mcu.externaltools.gnu-tools-for-stm32.12.3.rel1.win32_1.0.100.202403111256/tools/bin/../lib/gcc/arm-none-eabi/12.3.1/../../../../arm-none-eabi/lib/thumb/v7-m/nofp\libc_nano.a(libc_a-exit.o) (__stdio_exit_handler)
C:/ST/STM32CubeIDE_1.13.2/STM32CubeIDE/plugins/com.st.stm32cube.ide.mcu.externaltools.gnu-tools-for-stm32.12.3.rel1.win32_1.0.100.202403111256/tools/bin/../lib/gcc/arm-none-eabi/12.3.1/../../../../arm-none-eabi/lib/thumb/v7-m/nofp\libc_nano.a(libc_a-fwalk.o)
                              C:/ST/STM32CubeIDE_1.13.2/STM32CubeIDE/plugins/com.st.stm32cube.ide.mcu.externaltools.gnu-tools-for-stm32.12.3.rel1.win32_1.0.100.202403111256/tools/bin/../lib/gcc/arm-none-eabi/12.3.1/../../../../arm-none-eabi/lib/thumb/v7-m/nofp\libc_nano.a(libc_a-findfp.o) (_fwalk_sglue)
C:/ST/STM32CubeIDE_1.13.2/STM32CubeIDE/plugins/com.st.stm32cube.ide.mcu.externaltools.gnu-tools-for-stm32.12.3.rel1.win32_1.0.100.202403111256/tools/bin/../lib/gcc/arm-none-eabi/12.3.1/../../../../arm-none-eabi/lib/thumb/v7-m/nofp\libc_nano.a(libc_a-stdio.o)
                              C:/ST/STM32CubeIDE_1.13.2/STM32CubeIDE/plugins/com.st.stm32cube.ide.mcu.externaltools.gnu-tools-for-stm32.12.3.rel1.win32_1.0.100.202403111256/tools/bin/../lib/gcc/arm-none-eabi/12.3.1/../../../../arm-none-eabi/lib/thumb/v7-m/nofp\libc_nano.a(libc_a-findfp.o) (__sread)
C:/ST/STM32CubeIDE_1.13.2/STM32CubeIDE/plugins/com.st.stm32cube.ide.mcu.externaltools.gnu-tools-for-stm32.12.3.rel1.win32_1.0.100.202403111256/tools/bin/../lib/gcc/arm-none-eabi/12.3.1/../../../../arm-none-eabi/lib/thumb/v7-m/nofp\libc_nano.a(libc_a-memset.o)
                              C:/ST/STM32CubeIDE_1.13.2/STM32CubeIDE/plugins/com.st.stm32cube.ide.mcu.externaltools.gnu-tools-for-stm32.12.3.rel1.win32_1.0.100.202403111256/tools/bin/../lib/gcc/arm-none-eabi/12.3.1/../../../../arm-none-eabi/lib/thumb/v7-m/nofp/crt0.o (memset)
C:/ST/STM32CubeIDE_1.13.2/STM32CubeIDE/plugins/com.st.stm32cube.ide.mcu.externaltools.gnu-tools-for-stm32.12.3.rel1.win32_1.0.100.202403111256/tools/bin/../lib/gcc/arm-none-eabi/12.3.1/../../../../arm-none-eabi/lib/thumb/v7-m/nofp\libc_nano.a(libc_a-closer.o)
                              C:/ST/STM32CubeIDE_1.13.2/STM32CubeIDE/plugins/com.st.stm32cube.ide.mcu.externaltools.gnu-tools-for-stm32.12.3.rel1.win32_1.0.100.202403111256/tools/bin/../lib/gcc/arm-none-eabi/12.3.1/../../../../arm-none-eabi/lib/thumb/v7-m/nofp\libc_nano.a(libc_a-stdio.o) (_close_r)
C:/ST/STM32CubeIDE_1.13.2/STM32CubeIDE/plugins/com.st.stm32cube.ide.mcu.externaltools.gnu-tools-for-stm32.12.3.rel1.win32_1.0.100.202403111256/tools/bin/../lib/gcc/arm-none-eabi/12.3.1/../../../../arm-none-eabi/lib/thumb/v7-m/nofp\libc_nano.a(libc_a-reent.o)
                              C:/ST/STM32CubeIDE_1.13.2/STM32CubeIDE/plugins/com.st.stm32cube.ide.mcu.externaltools.gnu-tools-for-stm32.12.3.rel1.win32_1.0.100.202403111256/tools/bin/../lib/gcc/arm-none-eabi/12.3.1/../../../../arm-none-eabi/lib/thumb/v7-m/nofp\libc_nano.a(libc_a-closer.o) (errno)
C:/ST/STM32CubeIDE_1.13.2/STM32CubeIDE/plugins/com.st.stm32cube.ide.mcu.externaltools.gnu-tools-for-stm32.12.3.rel1.win32_1.0.100.202403111256/tools/bin/../lib/gcc/arm-none-eabi/12.3.1/../../../../arm-none-eabi/lib/thumb/v7-m/nofp\libc_nano.a(libc_a-impure.o)
                              C:/ST/STM32CubeIDE_1.13.2/STM32CubeIDE/plugins/com.st.stm32cube.ide.mcu.externaltools.gnu-tools-for-stm32.12.3.rel1.win32_1.0.100.202403111256/tools/bin/../lib/gcc/arm-none-eabi/12.3.1/../../../../arm-none-eabi/lib/thumb/v7-m/nofp\libc_nano.a(libc_a-reent.o) (_impure_ptr)
C:/ST/STM32CubeIDE_1.13.2/STM32CubeIDE/plugins/com.st.stm32cube.ide.mcu.externaltools.gnu-tools-for-stm32.12.3.rel1.win32_1.0.100.202403111256/tools/bin/../lib/gcc/arm-none-eabi/12.3.1/../../../../arm-none-eabi/lib/thumb/v7-m/nofp\libc_nano.a(libc_a-lseekr.o)
[...]
Memory Configuration

Name             Origin             Length             Attributes
RAM              0x20000000         0x00005000         xrw
FLASH            0x08000000         0x00010000         xr
*default*        0x00000000         0xffffffff

Linker script and memory map

LOAD C:/ST/STM32CubeIDE_1.13.2/STM32CubeIDE/plugins/com.st.stm32cube.ide.mcu.externaltools.gnu-tools-for-stm32.12.3.rel1.win32_1.0.100.202403111256/tools/bin/../lib/gcc/arm-none-eabi/12.3.1/thumb/v7-m/nofp/crti.o
LOAD C:/ST/STM32CubeIDE_1.13.2/STM32CubeIDE/plugins/com.st.stm32cube.ide.mcu.externaltools.gnu-tools-for-stm32.12.3.rel1.win32_1.0.100.202403111256/tools/bin/../lib/gcc/arm-none-eabi/12.3.1/thumb/v7-m/nofp/crtbegin.o
LOAD C:/ST/STM32CubeIDE_1.13.2/STM32CubeIDE/plugins/com.st.stm32cube.ide.mcu.externaltools.gnu-tools-for-stm32.12.3.rel1.win32_1.0.100.202403111256/tools/bin/../lib/gcc/arm-none-eabi/12.3.1/../../../../arm-none-eabi/lib/thumb/v7-m/nofp/crt0.o
LOAD ./Core/Src/at24c04c.o
LOAD ./Core/Src/can.o
LOAD ./Core/Src/gpio.o
LOAD ./Core/Src/i2c.o
LOAD ./Core/Src/main.o
LOAD ./Core/Src/stm32f1xx_hal_msp.o
LOAD ./Core/Src/stm32f1xx_it.o
LOAD ./Core/Src/syscalls.o
LOAD ./Core/Src/sysmem.o
LOAD ./Core/Src/system_stm32f1xx.o
LOAD ./Core/Startup/startup_stm32f103c8tx.o
LOAD ./Drivers/AT24C04C/Src/stm32f1xx_at24c04c.o
LOAD ./Drivers/STM32F1xx_HAL_Driver/Src/stm32f1xx_hal.o
LOAD ./Drivers/STM32F1xx_HAL_Driver/Src/stm32f1xx_hal_can.o
LOAD ./Drivers/STM32F1xx_HAL_Driver/Src/stm32f1xx_hal_cortex.o
LOAD ./Drivers/STM32F1xx_HAL_Driver/Src/stm32f1xx_hal_dma.o
LOAD ./Drivers/STM32F1xx_HAL_Driver/Src/stm32f1xx_hal_exti.o
LOAD ./Drivers/STM32F1xx_HAL_Driver/Src/stm32f1xx_hal_flash.o
LOAD ./Drivers/STM32F1xx_HAL_Driver/Src/stm32f1xx_hal_flash_ex.o
LOAD ./Drivers/STM32F1xx_HAL_Driver/Src/stm32f1xx_hal_gpio.o
LOAD ./Drivers/STM32F1xx_HAL_Driver/Src/stm32f1xx_hal_gpio_ex.o
LOAD ./Drivers/STM32F1xx_HAL_Driver/Src/stm32f1xx_hal_i2c.o
LOAD ./Drivers/STM32F1xx_HAL_Driver/Src/stm32f1xx_hal_pwr.o
LOAD ./Drivers/STM32F1xx_HAL_Driver/Src/stm32f1xx_hal_rcc.o
LOAD ./Drivers/STM32F1xx_HAL_Driver/Src/stm32f1xx_hal_rcc_ex.o
LOAD ./Drivers/STM32F1xx_HAL_Driver/Src/stm32f1xx_hal_tim.o
LOAD ./Drivers/STM32F1xx_HAL_Driver/Src/stm32f1xx_hal_tim_ex.o
START GROUP
LOAD C:/ST/STM32CubeIDE_1.13.2/STM32CubeIDE/plugins/com.st.stm32cube.ide.mcu.externaltools.gnu-tools-for-stm32.12.3.rel1.win32_1.0.100.202403111256/tools/bin/../lib/gcc/arm-none-eabi/12.3.1/../../../../arm-none-eabi/lib/thumb/v7-m/nofp\libc_nano.a
LOAD C:/ST/STM32CubeIDE_1.13.2/STM32CubeIDE/plugins/com.st.stm32cube.ide.mcu.externaltools.gnu-tools-for-stm32.12.3.rel1.win32_1.0.100.202403111256/tools/bin/../lib/gcc/arm-none-eabi/12.3.1/../../../../arm-none-eabi/lib/thumb/v7-m/nofp\libm.a
END GROUP
START GROUP
LOAD C:/ST/STM32CubeIDE_1.13.2/STM32CubeIDE/plugins/com.st.stm32cube.ide.mcu.externaltools.gnu-tools-for-stm32.12.3.rel1.win32_1.0.100.202403111256/tools/bin/../lib/gcc/arm-none-eabi/12.3.1/thumb/v7-m/nofp\libgcc.a
LOAD C:/ST/STM32CubeIDE_1.13.2/STM32CubeIDE/plugins/com.st.stm32cube.ide.mcu.externaltools.gnu-tools-for-stm32.12.3.rel1.win32_1.0.100.202403111256/tools/bin/../lib/gcc/arm-none-eabi/12.3.1/../../../../arm-none-eabi/lib/thumb/v7-m/nofp\libc_nano.a
END GROUP
START GROUP
LOAD C:/ST/STM32CubeIDE_1.13.2/STM32CubeIDE/plugins/com.st.stm32cube.ide.mcu.externaltools.gnu-tools-for-stm32.12.3.rel1.win32_1.0.100.202403111256/tools/bin/../lib/gcc/arm-none-eabi/12.3.1/thumb/v7-m/nofp\libgcc.a
LOAD C:/ST/STM32CubeIDE_1.13.2/STM32CubeIDE/plugins/com.st.stm32cube.ide.mcu.externaltools.gnu-tools-for-stm32.12.3.rel1.win32_1.0.100.202403111256/tools/bin/../lib/gcc/arm-none-eabi/12.3.1/../../../../arm-none-eabi/lib/thumb/v7-m/nofp\libc_nano.a
LOAD C:/ST/STM32CubeIDE_1.13.2/STM32CubeIDE/plugins/com.st.stm32cube.ide.mcu.externaltools.gnu-tools-for-stm32.12.3.rel1.win32_1.0.100.202403111256/tools/bin/../lib/gcc/arm-none-eabi/12.3.1/../../../../arm-none-eabi/lib/thumb/v7-m/nofp\libnosys.a
END GROUP
START GROUP
LOAD C:/ST/STM32CubeIDE_1.13.2/STM32CubeIDE/plugins/com.st.stm32cube.ide.mcu.externaltools.gnu-tools-for-stm32.12.3.rel1.win32_1.0.100.202403111256/tools/bin/../lib/gcc/arm-none-eabi/12.3.1/thumb/v7-m/nofp\libgcc.a
LOAD C:/ST/STM32CubeIDE_1.13.2/STM32CubeIDE/plugins/com.st.stm32cube.ide.mcu.externaltools.gnu-tools-for-stm32.12.3.rel1.win32_1.0.100.202403111256/tools/bin/../lib/gcc/arm-none-eabi/12.3.1/../../../../arm-none-eabi/lib/thumb/v7-m/nofp\libc_nano.a
LOAD C:/ST/STM32CubeIDE_1.13.2/STM32CubeIDE/plugins/com.st.stm32cube.ide.mcu.externaltools.gnu-tools-for-stm32.12.3.rel1.win32_1.0.100.202403111256/tools/bin/../lib/gcc/arm-none-eabi/12.3.1/../../../../arm-none-eabi/lib/thumb/v7-m/nofp\libnosys.a
END GROUP
LOAD C:/ST/STM32CubeIDE_1.13.2/STM32CubeIDE/plugins/com.st.stm32cube.ide.mcu.externaltools.gnu-tools-for-stm32.12.3.rel1.win32_1.0.100.202403111256/tools/bin/../lib/gcc/arm-none-eabi/12.3.1/thumb/v7-m/nofp/crtend.o
LOAD C:/ST/STM32CubeIDE_1.13.2/STM32CubeIDE/plugins/com.st.stm32cube.ide.mcu.externaltools.gnu-tools-for-stm32.12.3.rel1.win32_1.0.100.202403111256/tools/bin/../lib/gcc/arm-none-eabi/12.3.1/thumb/v7-m/nofp/crtn.o
                0x20005000                        _estack = (ORIGIN (RAM) + LENGTH (RAM))
                0x00000200                        _Min_Heap_Size = 0x200
                0x00000400                        _Min_Stack_Size = 0x400

.isr_vector     0x08000000      0x10c
                0x08000000                        . = ALIGN (0x4)
 *(.isr_vector)
 .isr_vector    0x08000000      0x10c ./Core/Startup/startup_stm32f103c8tx.o
                0x08000000                g_pfnVectors
                0x0800010c                        . = ALIGN (0x4)

.text           0x0800010c     0x2f58
                0x0800010c                        . = ALIGN (0x4)
 *(.text)
 .text          0x0800010c       0x40 C:/ST/STM32CubeIDE_1.13.2/STM32CubeIDE/plugins/com.st.stm32cube.ide.mcu.externaltools.gnu-tools-for-stm32.12.3.rel1.win32_1.0.100.202403111256/tools/bin/../lib/gcc/arm-none-eabi/12.3.1/thumb/v7-m/nofp/crtbegin.o
 *(.text*)
 .text.MX_AT24C04C_1_Init
                0x0800014c       0x38 ./Core/Src/at24c04c.o
                0x0800014c                MX_AT24C04C_1_Init
 .text.MX_CAN_Init
                0x08000184       0x70 ./Core/Src/can.o
                0x08000184                MX_CAN_Init
 .text.HAL_CAN_MspInit
                0x080001f4       0xa8 ./Core/Src/can.o
                0x080001f4                HAL_CAN_MspInit
 .text.MX_GPIO_Init
                0x0800029c       0x94 ./Core/Src/gpio.o
                0x0800029c                MX_GPIO_Init
 .text.MX_I2C1_Init
                0x08000330       0x5c ./Core/Src/i2c.o
                0x08000330                MX_I2C1_Init
 .text.HAL_I2C_MspInit
                0x0800038c       0x7c ./Core/Src/i2c.o
                0x0800038c                HAL_I2C_MspInit
 .text.main     0x08000408       0x84 ./Core/Src/main.o
                0x08000408                main
 .text.SystemClock_Config
                0x0800048c       0x8c ./Core/Src/main.o
                0x0800048c                SystemClock_Config
 .text.Error_Handler
                0x08000518        0xc ./Core/Src/main.o
                0x08000518                Error_Handler
 .text.HAL_MspInit
                0x08000524       0x64 ./Core/Src/stm32f1xx_hal_msp.o
                0x08000524                HAL_MspInit
 .text.NMI_Handler
                0x08000588        0x8 ./Core/Src/stm32f1xx_it.o
                0x08000588                NMI_Handler
 .text.HardFault_Handler
                0x08000590        0x8 ./Core/Src/stm32f1xx_it.o
                0x08000590                HardFault_Handler
 .text.MemManage_Handler
                0x08000598        0x8 ./Core/Src/stm32f1xx_it.o
                0x08000598                MemManage_Handler
 .text.BusFault_Handler
                0x080005a0        0x8 ./Core/Src/stm32f1xx_it.o
                0x080005a0                BusFault_Handler
 .text.UsageFault_Handler
                0x080005a8        0x8 ./Core/Src/stm32f1xx_it.o
                0x080005a8                UsageFault_Handler
 .text.SVC_Handler
                0x080005b0        0xc ./Core/Src/stm32f1xx_it.o
                0x080005b0                SVC_Handler
 .text.DebugMon_Handler
                0x080005bc        0xc ./Core/Src/stm32f1xx_it.o
                0x080005bc                DebugMon_Handler
 .text.PendSV_Handler
                0x080005c8        0xc ./Core/Src/stm32f1xx_it.o
                0x080005c8                PendSV_Handler
 .text.SysTick_Handler
                0x080005d4        0xc ./Core/Src/stm32f1xx_it.o
                0x080005d4                SysTick_Handler
 .text.USB_LP_CAN1_RX0_IRQHandler
                0x080005e0       0x14 ./Core/Src/stm32f1xx_it.o
                0x080005e0                USB_LP_CAN1_RX0_IRQHandler
 .text.SystemInit
                0x080005f4        0xc ./Core/Src/system_stm32f1xx.o
                0x080005f4                SystemInit
 .text.Reset_Handler
                0x08000600       0x48 ./Core/Startup/startup_stm32f103c8tx.o
                0x08000600                Reset_Handler
 .text.Default_Handler
                0x08000648        0x2 ./Core/Startup/startup_stm32f103c8tx.o
                0x08000648                RTC_Alarm_IRQHandler
                0x08000648                EXTI2_IRQHandler
                0x08000648                TIM1_CC_IRQHandler
                0x08000648                PVD_IRQHandler
                0x08000648                EXTI3_IRQHandler
                0x08000648                EXTI0_IRQHandler
                0x08000648                I2C2_EV_IRQHandler
                0x08000648                ADC1_2_IRQHandler
                0x08000648                SPI1_IRQHandler
                0x08000648                TAMPER_IRQHandler
                0x08000648                DMA1_Channel4_IRQHandler
                0x08000648                USART3_IRQHandler
                0x08000648                RTC_IRQHandler
                0x08000648                DMA1_Channel7_IRQHandler
                0x08000648                CAN1_RX1_IRQHandler
                0x08000648                TIM4_IRQHandler
                0x08000648                I2C1_EV_IRQHandler
                0x08000648                DMA1_Channel6_IRQHandler
                0x08000648                TIM3_IRQHandler
                0x08000648                RCC_IRQHandler
                0x08000648                TIM1_TRG_COM_IRQHandler
                0x08000648                DMA1_Channel1_IRQHandler
                0x08000648                Default_Handler
                0x08000648                EXTI15_10_IRQHandler
                0x08000648                EXTI9_5_IRQHandler
                0x08000648                SPI2_IRQHandler
                0x08000648                DMA1_Channel5_IRQHandler
                0x08000648                EXTI4_IRQHandler
                0x08000648                USB_HP_CAN1_TX_IRQHandler
                0x08000648                DMA1_Channel3_IRQHandler
                0x08000648                TIM1_UP_IRQHandler
                0x08000648                WWDG_IRQHandler
                0x08000648                TIM2_IRQHandler
                0x08000648                TIM1_BRK_IRQHandler
                0x08000648                EXTI1_IRQHandler
                0x08000648                USART2_IRQHandler
                0x08000648                I2C2_ER_IRQHandler
                0x08000648                DMA1_Channel2_IRQHandler
                0x08000648                CAN1_SCE_IRQHandler
                0x08000648                FLASH_IRQHandler
                0x08000648                USART1_IRQHandler
                0x08000648                I2C1_ER_IRQHandler
                0x08000648                USBWakeUp_IRQHandler
 .text.AT24C04C_Init
                0x0800064a       0x5a ./Drivers/AT24C04C/Src/stm32f1xx_at24c04c.o
                0x0800064a                AT24C04C_Init
 .text.AT24C04C_ReadData
                0x080006a4       0x82 ./Drivers/AT24C04C/Src/stm32f1xx_at24c04c.o
                0x080006a4                AT24C04C_ReadData
 .text.AT24C04C_WriteData
                0x08000726       0x82 ./Drivers/AT24C04C/Src/stm32f1xx_at24c04c.o
                0x08000726                AT24C04C_WriteData
 .text.__mem_read
                0x080007a8       0x9e ./Drivers/AT24C04C/Src/stm32f1xx_at24c04c.o
                0x080007a8                __mem_read
 .text.__mem_write
                0x08000846       0x98 ./Drivers/AT24C04C/Src/stm32f1xx_at24c04c.o
                0x08000846                __mem_write
 *fill*         0x080008de        0x2 
 .text.HAL_Init
                0x080008e0       0x2c ./Drivers/STM32F1xx_HAL_Driver/Src/stm32f1xx_hal.o
                0x080008e0                HAL_Init
 .text.HAL_InitTick
                0x0800090c       0x60 ./Drivers/STM32F1xx_HAL_Driver/Src/stm32f1xx_hal.o
                0x0800090c                HAL_InitTick
 .text.HAL_IncTick
                0x0800096c       0x24 ./Drivers/STM32F1xx_HAL_Driver/Src/stm32f1xx_hal.o
                0x0800096c                HAL_IncTick
 .text.HAL_GetTick
                0x08000990       0x14 ./Drivers/STM32F1xx_HAL_Driver/Src/stm32f1xx_hal.o
                0x08000990                HAL_GetTick
 .text.HAL_Delay
                0x080009a4       0x48 ./Drivers/STM32F1xx_HAL_Driver/Src/stm32f1xx_hal.o
                0x080009a4                HAL_Delay
 .text.HAL_CAN_Init
                0x080009ec      0x1f6 ./Drivers/STM32F1xx_HAL_Driver/Src/stm32f1xx_hal_can.o
                0x080009ec                HAL_CAN_Init
 .text.HAL_CAN_AddTxMessage
                0x08000be2      0x19e ./Drivers/STM32F1xx_HAL_Driver/Src/stm32f1xx_hal_can.o
                0x08000be2                HAL_CAN_AddTxMessage
 .text.HAL_CAN_IRQHandler
                0x08000d80      0x36e ./Drivers/STM32F1xx_HAL_Driver/Src/stm32f1xx_hal_can.o
                0x08000d80                HAL_CAN_IRQHandler
 .text.HAL_CAN_TxMailbox0CompleteCallback
                0x080010ee       0x12 ./Drivers/STM32F1xx_HAL_Driver/Src/stm32f1xx_hal_can.o
                0x080010ee                HAL_CAN_TxMailbox0CompleteCallback
 .text.HAL_CAN_TxMailbox1CompleteCallback
                0x08001100       0x12 ./Drivers/STM32F1xx_HAL_Driver/Src/stm32f1xx_hal_can.o
                0x08001100                HAL_CAN_TxMailbox1CompleteCallback
 .text.HAL_CAN_TxMailbox2CompleteCallback
                0x08001112       0x12 ./Drivers/STM32F1xx_HAL_Driver/Src/stm32f1xx_hal_can.o
                0x08001112                HAL_CAN_TxMailbox2CompleteCallback
 .text.HAL_CAN_TxMailbox0AbortCallback
                0x08001124       0x12 ./Drivers/STM32F1xx_HAL_Driver/Src/stm32f1xx_hal_can.o
                0x08001124                HAL_CAN_TxMailbox0AbortCallback
 .text.HAL_CAN_TxMailbox1AbortCallback
                0x08001136       0x12 ./Drivers/STM32F1xx_HAL_Driver/Src/stm32f1xx_hal_can.o
                0x08001136                HAL_CAN_TxMailbox1AbortCallback
 .text.HAL_CAN_TxMailbox2AbortCallback
                0x08001148       0x12 ./Drivers/STM32F1xx_HAL_Driver/Src/stm32f1xx_hal_can.o
                0x08001148                HAL_CAN_TxMailbox2AbortCallback
 .text.HAL_CAN_RxFifo0MsgPendingCallback
                0x0800115a       0x12 ./Drivers/STM32F1xx_HAL_Driver/Src/stm32f1xx_hal_can.o
                0x0800115a                HAL_CAN_RxFifo0MsgPendingCallback
 .text.HAL_CAN_RxFifo0FullCallback
                0x0800116c       0x12 ./Drivers/STM32F1xx_HAL_Driver/Src/stm32f1xx_hal_can.o
                0x0800116c                HAL_CAN_RxFifo0FullCallback
 .text.HAL_CAN_RxFifo1MsgPendingCallback
                0x0800117e       0x12 ./Drivers/STM32F1xx_HAL_Driver/Src/stm32f1xx_hal_can.o
                0x0800117e                HAL_CAN_RxFifo1MsgPendingCallback
 .text.HAL_CAN_RxFifo1FullCallback
                0x08001190       0x12 ./Drivers/STM32F1xx_HAL_Driver/Src/stm32f1xx_hal_can.o
                0x08001190                HAL_CAN_RxFifo1FullCallback
 .text.HAL_CAN_SleepCallback
                0x080011a2       0x12 ./Drivers/STM32F1xx_HAL_Driver/Src/stm32f1xx_hal_can.o
                0x080011a2                HAL_CAN_SleepCallback
 .text.HAL_CAN_WakeUpFromRxMsgCallback
                0x080011b4       0x12 ./Drivers/STM32F1xx_HAL_Driver/Src/stm32f1xx_hal_can.o
                0x080011b4                HAL_CAN_WakeUpFromRxMsgCallback
 .text.HAL_CAN_ErrorCallback
                0x080011c6       0x12 ./Drivers/STM32F1xx_HAL_Driver/Src/stm32f1xx_hal_can.o
                0x080011c6                HAL_CAN_ErrorCallback
 .text.__NVIC_SetPriorityGrouping
                0x080011d8       0x48 ./Drivers/STM32F1xx_HAL_Driver/Src/stm32f1xx_hal_cortex.o
 .text.__NVIC_GetPriorityGrouping
                0x08001220       0x1c ./Drivers/STM32F1xx_HAL_Driver/Src/stm32f1xx_hal_cortex.o
 .text.__NVIC_EnableIRQ
                0x0800123c       0x38 ./Drivers/STM32F1xx_HAL_Driver/Src/stm32f1xx_hal_cortex.o
 .text.__NVIC_SetPriority
                0x08001274       0x54 ./Drivers/STM32F1xx_HAL_Driver/Src/stm32f1xx_hal_cortex.o
 .text.NVIC_EncodePriority
                0x080012c8       0x64 ./Drivers/STM32F1xx_HAL_Driver/Src/stm32f1xx_hal_cortex.o
 .text.SysTick_Config
                0x0800132c       0x44 ./Drivers/STM32F1xx_HAL_Driver/Src/stm32f1xx_hal_cortex.o
 .text.HAL_NVIC_SetPriorityGrouping
                0x08001370       0x16 ./Drivers/STM32F1xx_HAL_Driver/Src/stm32f1xx_hal_cortex.o
                0x08001370                HAL_NVIC_SetPriorityGrouping
 .text.HAL_NVIC_SetPriority
                0x08001386       0x38 ./Drivers/STM32F1xx_HAL_Driver/Src/stm32f1xx_hal_cortex.o
                0x08001386                HAL_NVIC_SetPriority
 .text.HAL_NVIC_EnableIRQ
                0x080013be       0x1c ./Drivers/STM32F1xx_HAL_Driver/Src/stm32f1xx_hal_cortex.o
                0x080013be                HAL_NVIC_EnableIRQ
 .text.HAL_SYSTICK_Config
                0x080013da       0x18 ./Drivers/STM32F1xx_HAL_Driver/Src/stm32f1xx_hal_cortex.o
                0x080013da                HAL_SYSTICK_Config
 *fill*         0x080013f2        0x2 
 .text.HAL_GPIO_Init
                0x080013f4      0x308 ./Drivers/STM32F1xx_HAL_Driver/Src/stm32f1xx_hal_gpio.o
                0x080013f4                HAL_GPIO_Init
 .text.HAL_GPIO_WritePin
                0x080016fc       0x30 ./Drivers/STM32F1xx_HAL_Driver/Src/stm32f1xx_hal_gpio.o
                0x080016fc                HAL_GPIO_WritePin
 .text.HAL_I2C_Init
                0x0800172c      0x288 ./Drivers/STM32F1xx_HAL_Driver/Src/stm32f1xx_hal_i2c.o
                0x0800172c                HAL_I2C_Init
 .text.HAL_I2C_Mem_Write
                0x080019b4      0x1f4 ./Drivers/STM32F1xx_HAL_Driver/Src/stm32f1xx_hal_i2c.o
                0x080019b4                HAL_I2C_Mem_Write
 .text.HAL_I2C_Mem_Read
                0x08001ba8      0x4d0 ./Drivers/STM32F1xx_HAL_Driver/Src/stm32f1xx_hal_i2c.o
                0x08001ba8                HAL_I2C_Mem_Read
 .text.HAL_I2C_GetError
                0x08002078       0x16 ./Drivers/STM32F1xx_HAL_Driver/Src/stm32f1xx_hal_i2c.o
                0x08002078                HAL_I2C_GetError
 *fill*         0x0800208e        0x2 
 .text.I2C_RequestMemoryWrite
                0x08002090      0x12c ./Drivers/STM32F1xx_HAL_Driver/Src/stm32f1xx_hal_i2c.o
 .text.I2C_RequestMemoryRead
                0x080021bc      0x1d0 ./Drivers/STM32F1xx_HAL_Driver/Src/stm32f1xx_hal_i2c.o
 .text.I2C_WaitOnFlagUntilTimeout
                0x0800238c       0xf4 ./Drivers/STM32F1xx_HAL_Driver/Src/stm32f1xx_hal_i2c.o
 .text.I2C_WaitOnMasterAddressFlagUntilTimeout
                0x08002480      0x140 ./Drivers/STM32F1xx_HAL_Driver/Src/stm32f1xx_hal_i2c.o
 .text.I2C_WaitOnTXEFlagUntilTimeout
                0x080025c0       0x90 ./Drivers/STM32F1xx_HAL_Driver/Src/stm32f1xx_hal_i2c.o
 .text.I2C_WaitOnBTFFlagUntilTimeout
                0x08002650       0x90 ./Drivers/STM32F1xx_HAL_Driver/Src/stm32f1xx_hal_i2c.o
 .text.I2C_WaitOnRXNEFlagUntilTimeout
                0x080026e0       0xba ./Drivers/STM32F1xx_HAL_Driver/Src/stm32f1xx_hal_i2c.o
 .text.I2C_IsAcknowledgeFailed
                0x0800279a       0x5c ./Drivers/STM32F1xx_HAL_Driver/Src/stm32f1xx_hal_i2c.o
 *fill*         0x080027f6        0x2 
 .text.HAL_RCC_OscConfig
                0x080027f8      0x504 ./Drivers/STM32F1xx_HAL_Driver/Src/stm32f1xx_hal_rcc.o
                0x080027f8                HAL_RCC_OscConfig
 .text.HAL_RCC_ClockConfig
                0x08002cfc      0x1d4 ./Drivers/STM32F1xx_HAL_Driver/Src/stm32f1xx_hal_rcc.o
                0x08002cfc                HAL_RCC_ClockConfig
 .text.HAL_RCC_GetSysClockFreq
                0x08002ed0       0xac ./Drivers/STM32F1xx_HAL_Driver/Src/stm32f1xx_hal_rcc.o
                0x08002ed0                HAL_RCC_GetSysClockFreq
 .text.HAL_RCC_GetHCLKFreq
                0x08002f7c       0x14 ./Drivers/STM32F1xx_HAL_Driver/Src/stm32f1xx_hal_rcc.o
                0x08002f7c                HAL_RCC_GetHCLKFreq
 .text.HAL_RCC_GetPCLK1Freq
                0x08002f90       0x28 ./Drivers/STM32F1xx_HAL_Driver/Src/stm32f1xx_hal_rcc.o
                0x08002f90                HAL_RCC_GetPCLK1Freq
 .text.RCC_Delay
                0x08002fb8       0x3c ./Drivers/STM32F1xx_HAL_Driver/Src/stm32f1xx_hal_rcc.o
 .text.memset   0x08002ff4       0x10 C:/ST/STM32CubeIDE_1.13.2/STM32CubeIDE/plugins/com.st.stm32cube.ide.mcu.externaltools.gnu-tools-for-stm32.12.3.rel1.win32_1.0.100.202403111256/tools/bin/../lib/gcc/arm-none-eabi/12.3.1/../../../../arm-none-eabi/lib/thumb/v7-m/nofp\libc_nano.a(libc_a-memset.o)
                0x08002ff4                memset
 .text.__libc_init_array
                0x08003004       0x48 C:/ST/STM32CubeIDE_1.13.2/STM32CubeIDE/plugins/com.st.stm32cube.ide.mcu.externaltools.gnu-tools-for-stm32.12.3.rel1.win32_1.0.100.202403111256/tools/bin/../lib/gcc/arm-none-eabi/12.3.1/../../../../arm-none-eabi/lib/thumb/v7-m/nofp\libc_nano.a(libc_a-init.o)
                0x08003004                __libc_init_array
 *(.glue_7)
 .glue_7        0x0800304c        0x0 linker stubs
 *(.glue_7t)
 .glue_7t       0x0800304c        0x0 linker stubs
 *(.eh_frame)
 .eh_frame      0x0800304c        0x0 C:/ST/STM32CubeIDE_1.13.2/STM32CubeIDE/plugins/com.st.stm32cube.ide.mcu.externaltools.gnu-tools-for-stm32.12.3.rel1.win32_1.0.100.202403111256/tools/bin/../lib/gcc/arm-none-eabi/12.3.1/thumb/v7-m/nofp/crtbegin.o
 *(.init)
 .init          0x0800304c        0x4 C:/ST/STM32CubeIDE_1.13.2/STM32CubeIDE/plugins/com.st.stm32cube.ide.mcu.externaltools.gnu-tools-for-stm32.12.3.rel1.win32_1.0.100.202403111256/tools/bin/../lib/gcc/arm-none-eabi/12.3.1/thumb/v7-m/nofp/crti.o
                0x0800304c                _init
 .init          0x08003050        0x8 C:/ST/STM32CubeIDE_1.13.2/STM32CubeIDE/plugins/com.st.stm32cube.ide.mcu.externaltools.gnu-tools-for-stm32.12.3.rel1.win32_1.0.100.202403111256/tools/bin/../lib/gcc/arm-none-eabi/12.3.1/thumb/v7-m/nofp/crtn.o
 *(.fini)
 .fini          0x08003058        0x4 C:/ST/STM32CubeIDE_1.13.2/STM32CubeIDE/plugins/com.st.stm32cube.ide.mcu.externaltools.gnu-tools-for-stm32.12.3.rel1.win32_1.0.100.202403111256/tools/bin/../lib/gcc/arm-none-eabi/12.3.1/thumb/v7-m/nofp/crti.o
                0x08003058                _fini
 .fini          0x0800305c        0x8 C:/ST/STM32CubeIDE_1.13.2/STM32CubeIDE/plugins/com.st.stm32cube.ide.mcu.externaltools.gnu-tools-for-stm32.12.3.rel1.win32_1.0.100.202403111256/tools/bin/../lib/gcc/arm-none-eabi/12.3.1/thumb/v7-m/nofp/crtn.o
                0x08003064                        . = ALIGN (0x4)
                0x08003064                        _etext = .

.vfp11_veneer   0x08003064        0x0
 .vfp11_veneer  0x08003064        0x0 linker stubs

.v4_bx          0x08003064        0x0
 .v4_bx         0x08003064        0x0 linker stubs

.iplt           0x08003064        0x0
 .iplt          0x08003064        0x0 C:/ST/STM32CubeIDE_1.13.2/STM32CubeIDE/plugins/com.st.stm32cube.ide.mcu.externaltools.gnu-tools-for-stm32.12.3.rel1.win32_1.0.100.202403111256/tools/bin/../lib/gcc/arm-none-eabi/12.3.1/thumb/v7-m/nofp/crtbegin.o

.rodata         0x08003064       0x2c
                0x08003064                        . = ALIGN (0x4)
 *(.rodata)
 *(.rodata*)
 .rodata.AHBPrescTable
                0x08003064       0x10 ./Core/Src/system_stm32f1xx.o
                0x08003064                AHBPrescTable
 .rodata.APBPrescTable
                0x08003074        0x8 ./Core/Src/system_stm32f1xx.o
                0x08003074                APBPrescTable
 .rodata.aPLLMULFactorTable.1
                0x0800307c       0x10 ./Drivers/STM32F1xx_HAL_Driver/Src/stm32f1xx_hal_rcc.o
 .rodata.aPredivFactorTable.0
                0x0800308c        0x2 ./Drivers/STM32F1xx_HAL_Driver/Src/stm32f1xx_hal_rcc.o
                0x08003090                        . = ALIGN (0x4)
 *fill*         0x0800308e        0x2 

.ARM.extab      0x08003090        0x0
                0x08003090                        . = ALIGN (0x4)
 *(.ARM.extab* .gnu.linkonce.armextab.*)
                0x08003090                        . = ALIGN (0x4)

.ARM            0x08003090        0x0
                0x08003090                        . = ALIGN (0x4)
                0x08003090                        __exidx_start = .
 *(.ARM.exidx*)
                0x08003090                        __exidx_end = .
                0x08003090                        . = ALIGN (0x4)

.preinit_array  0x08003090        0x0
                0x08003090                        . = ALIGN (0x4)
                0x08003090                        PROVIDE (__preinit_array_start = .)
 *(.preinit_array*)
                0x08003090                        PROVIDE (__preinit_array_end = .)
                0x08003090                        . = ALIGN (0x4)

.init_array     0x08003090        0x4
                0x08003090                        . = ALIGN (0x4)
                0x08003090                        PROVIDE (__init_array_start = .)
 *(SORT_BY_NAME(.init_array.*))
 *(.init_array*)
 .init_array    0x08003090        0x4 C:/ST/STM32CubeIDE_1.13.2/STM32CubeIDE/plugins/com.st.stm32cube.ide.mcu.externaltools.gnu-tools-for-stm32.12.3.rel1.win32_1.0.100.202403111256/tools/bin/../lib/gcc/arm-none-eabi/12.3.1/thumb/v7-m/nofp/crtbegin.o
                0x08003094                        PROVIDE (__init_array_end = .)
                0x08003094                        . = ALIGN (0x4)

.fini_array     0x08003094        0x4
                0x08003094                        . = ALIGN (0x4)
                [!provide]                        PROVIDE (__fini_array_start = .)
 *(SORT_BY_NAME(.fini_array.*))
 *(.fini_array*)
 .fini_array    0x08003094        0x4 C:/ST/STM32CubeIDE_1.13.2/STM32CubeIDE/plugins/com.st.stm32cube.ide.mcu.externaltools.gnu-tools-for-stm32.12.3.rel1.win32_1.0.100.202403111256/tools/bin/../lib/gcc/arm-none-eabi/12.3.1/thumb/v7-m/nofp/crtbegin.o
                [!provide]                        PROVIDE (__fini_array_end = .)
                0x08003098                        . = ALIGN (0x4)
                0x08003098                        _sidata = LOADADDR (.data)

.rel.dyn        0x08003098        0x0
 .rel.iplt      0x08003098        0x0 C:/ST/STM32CubeIDE_1.13.2/STM32CubeIDE/plugins/com.st.stm32cube.ide.mcu.externaltools.gnu-tools-for-stm32.12.3.rel1.win32_1.0.100.202403111256/tools/bin/../lib/gcc/arm-none-eabi/12.3.1/thumb/v7-m/nofp/crtbegin.o

.data           0x20000000        0xc load address 0x08003098
                0x20000000                        . = ALIGN (0x4)
                0x20000000                        _sdata = .
 *(.data)
 *(.data*)
 .data.SystemCoreClock
                0x20000000        0x4 ./Core/Src/system_stm32f1xx.o
                0x20000000                SystemCoreClock
 .data.uwTickPrio
                0x20000004        0x4 ./Drivers/STM32F1xx_HAL_Driver/Src/stm32f1xx_hal.o
                0x20000004                uwTickPrio
 .data.uwTickFreq
                0x20000008        0x1 ./Drivers/STM32F1xx_HAL_Driver/Src/stm32f1xx_hal.o
                0x20000008                uwTickFreq
 *(.RamFunc)
 *(.RamFunc*)
                0x2000000c                        . = ALIGN (0x4)
 *fill*         0x20000009        0x3 
                0x2000000c                        _edata = .

.igot.plt       0x2000000c        0x0 load address 0x080030a4
 .igot.plt      0x2000000c        0x0 C:/ST/STM32CubeIDE_1.13.2/STM32CubeIDE/plugins/com.st.stm32cube.ide.mcu.externaltools.gnu-tools-for-stm32.12.3.rel1.win32_1.0.100.202403111256/tools/bin/../lib/gcc/arm-none-eabi/12.3.1/thumb/v7-m/nofp/crtbegin.o
                0x2000000c                        . = ALIGN (0x4)

.bss            0x2000000c       0xc8 load address 0x080030a4
                0x2000000c                        _sbss = .
                0x2000000c                        __bss_start__ = _sbss
 *(.bss)
 .bss           0x2000000c       0x1c C:/ST/STM32CubeIDE_1.13.2/STM32CubeIDE/plugins/com.st.stm32cube.ide.mcu.externaltools.gnu-tools-for-stm32.12.3.rel1.win32_1.0.100.202403111256/tools/bin/../lib/gcc/arm-none-eabi/12.3.1/thumb/v7-m/nofp/crtbegin.o
 *(.bss*)
 .bss.at24c04c_1
                0x20000028       0x10 ./Core/Src/at24c04c.o
                0x20000028                at24c04c_1
 .bss.hcan      0x20000038       0x28 ./Core/Src/can.o
                0x20000038                hcan
 .bss.hi2c1     0x20000060       0x54 ./Core/Src/i2c.o
                0x20000060                hi2c1
 .bss.TxHeader  0x200000b4       0x18 ./Core/Src/main.o
                0x200000b4                TxHeader
 .bss.TxMailbox
                0x200000cc        0x4 ./Core/Src/main.o
                0x200000cc                TxMailbox
 .bss.uwTick    0x200000d0        0x4 ./Drivers/STM32F1xx_HAL_Driver/Src/stm32f1xx_hal.o
                0x200000d0                uwTick
 *(COMMON)
                0x200000d4                        . = ALIGN (0x4)
                0x200000d4                        _ebss = .
                0x200000d4                        __bss_end__ = _ebss

._user_heap_stack
                0x200000d4      0x604 load address 0x080030a4
                0x200000d8                        . = ALIGN (0x8)
 *fill*         0x200000d4        0x4 
                [!provide]                        PROVIDE (end = .)
                0x200000d8                        PROVIDE (_end = .)
                0x200002d8                        . = (. + _Min_Heap_Size)
 *fill*         0x200000d8      0x200 
                0x200006d8                        . = (. + _Min_Stack_Size)
 *fill*         0x200002d8      0x400 
                0x200006d8                        . = ALIGN (0x8)

/DISCARD/
 libc.a(*)
 libm.a(*)
 libgcc.a(*)

.ARM.attributes
                0x00000000       0x29
 *(.ARM.attributes)
 .ARM.attributes
                0x00000000       0x1d C:/ST/STM32CubeIDE_1.13.2/STM32CubeIDE/plugins/com.st.stm32cube.ide.mcu.externaltools.gnu-tools-for-stm32.12.3.rel1.win32_1.0.100.202403111256/tools/bin/../lib/gcc/arm-none-eabi/12.3.1/thumb/v7-m/nofp/crti.o
 .ARM.attributes
                0x0000001d       0x2d C:/ST/STM32CubeIDE_1.13.2/STM32CubeIDE/plugins/com.st.stm32cube.ide.mcu.externaltools.gnu-tools-for-stm32.12.3.rel1.win32_1.0.100.202403111256/tools/bin/../lib/gcc/arm-none-eabi/12.3.1/thumb/v7-m/nofp/crtbegin.o
 .ARM.attributes
                0x0000004a       0x2d ./Core/Src/at24c04c.o
 .ARM.attributes
                0x00000077       0x2d ./Core/Src/can.o
 .ARM.attributes
                0x000000a4       0x2d ./Core/Src/gpio.o
 .ARM.attributes
                0x000000d1       0x2d ./Core/Src/i2c.o
 .ARM.attributes
                0x000000fe       0x2d ./Core/Src/main.o
 .ARM.attributes
                0x0000012b       0x2d ./Core/Src/stm32f1xx_hal_msp.o
 .ARM.attributes
                0x00000158       0x2d ./Core/Src/stm32f1xx_it.o
 .ARM.attributes
                0x00000185       0x2d ./Core/Src/system_stm32f1xx.o
 .ARM.attributes
                0x000001b2       0x21 ./Core/Startup/startup_stm32f103c8tx.o
 .ARM.attributes
                0x000001d3       0x2d ./Drivers/AT24C04C/Src/stm32f1xx_at24c04c.o
 .ARM.attributes
                0x00000200       0x2d ./Drivers/STM32F1xx_HAL_Driver/Src/stm32f1xx_hal.o
 .ARM.attributes
                0x0000022d       0x2d ./Drivers/STM32F1xx_HAL_Driver/Src/stm32f1xx_hal_can.o
 .ARM.attributes
                0x0000025a       0x2d ./Drivers/STM32F1xx_HAL_Driver/Src/stm32f1xx_hal_cortex.o
 .ARM.attributes
                0x00000287       0x2d ./Drivers/STM32F1xx_HAL_Driver/Src/stm32f1xx_hal_gpio.o
 .ARM.attributes
                0x000002b4       0x2d ./Drivers/STM32F1xx_HAL_Driver/Src/stm32f1xx_hal_i2c.o
 .ARM.attributes
                0x000002e1       0x2d ./Drivers/STM32F1xx_HAL_Driver/Src/stm32f1xx_hal_rcc.o
 .ARM.attributes
                0x0000030e       0x2d C:/ST/STM32CubeIDE_1.13.2/STM32CubeIDE/plugins/com.st.stm32cube.ide.mcu.externaltools.gnu-tools-for-stm32.12.3.rel1.win32_1.0.100.202403111256/tools/bin/../lib/gcc/arm-none-eabi/12.3.1/../../../../arm-none-eabi/lib/thumb/v7-m/nofp\libc_nano.a(libc_a-memset.o)
 .ARM.attributes
                0x0000033b       0x2d C:/ST/STM32CubeIDE_1.13.2/STM32CubeIDE/plugins/com.st.stm32cube.ide.mcu.externaltools.gnu-tools-for-stm32.12.3.rel1.win32_1.0.100.202403111256/tools/bin/../lib/gcc/arm-none-eabi/12.3.1/../../../../arm-none-eabi/lib/thumb/v7-m/nofp\libc_nano.a(libc_a-init.o)
 .ARM.attributes
                0x00000368       0x1d C:/ST/STM32CubeIDE_1.13.2/STM32CubeIDE/plugins/com.st.stm32cube.ide.mcu.externaltools.gnu-tools-for-stm32.12.3.rel1.win32_1.0.100.202403111256/tools/bin/../lib/gcc/arm-none-eabi/12.3.1/thumb/v7-m/nofp/crtn.o
OUTPUT(AT24C04C.elf elf32-littlearm)
LOAD linker stubs
LOAD C:/ST/STM32CubeIDE_1.13.2/STM32CubeIDE/plugins/com.st.stm32cube.ide.mcu.externaltools.gnu-tools-for-stm32.12.3.rel1.win32_1.0.100.202403111256/tools/bin/../lib/gcc/arm-none-eabi/12.3.1/../../../../arm-none-eabi/lib/thumb/v7-m/nofp\libc.a
LOAD C:/ST/STM32CubeIDE_1.13.2/STM32CubeIDE/plugins/com.st.stm32cube.ide.mcu.externaltools.gnu-tools-for-stm32.12.3.rel1.win32_1.0.100.202403111256/tools/bin/../lib/gcc/arm-none-eabi/12.3.1/../../../../arm-none-eabi/lib/thumb/v7-m/nofp\libm.a
LOAD C:/ST/STM32CubeIDE_1.13.2/STM32CubeIDE/plugins/com.st.stm32cube.ide.mcu.externaltools.gnu-tools-for-stm32.12.3.rel1.win32_1.0.100.202403111256/tools/bin/../lib/gcc/arm-none-eabi/12.3.1/thumb/v7-m/nofp\libgcc.a

.debug_info     0x00000000     0x8f07
 .debug_info    0x00000000      0x6b7 ./Core/Src/at24c04c.o
 .debug_info    0x000006b7      0x86c ./Core/Src/can.o
 .debug_info    0x00000f23      0x2b7 ./Core/Src/gpio.o
 .debug_info    0x000011da      0x7e3 ./Core/Src/i2c.o
 .debug_info    0x000019bd      0xfac ./Core/Src/main.o
 .debug_info    0x00002969      0x1f1 ./Core/Src/stm32f1xx_hal_msp.o
 .debug_info    0x00002b5a      0x506 ./Core/Src/stm32f1xx_it.o
 .debug_info    0x00003060      0x222 ./Core/Src/system_stm32f1xx.o
 .debug_info    0x00003282       0x30 ./Core/Startup/startup_stm32f103c8tx.o
 .debug_info    0x000032b2      0x90e ./Drivers/AT24C04C/Src/stm32f1xx_at24c04c.o
 .debug_info    0x00003bc0      0x704 ./Drivers/STM32F1xx_HAL_Driver/Src/stm32f1xx_hal.o
 .debug_info    0x000042c4      0xf27 ./Drivers/STM32F1xx_HAL_Driver/Src/stm32f1xx_hal_can.o
 .debug_info    0x000051eb      0xa87 ./Drivers/STM32F1xx_HAL_Driver/Src/stm32f1xx_hal_cortex.o
 .debug_info    0x00005c72      0x5ab ./Drivers/STM32F1xx_HAL_Driver/Src/stm32f1xx_hal_gpio.o
 .debug_info    0x0000621d     0x2515 ./Drivers/STM32F1xx_HAL_Driver/Src/stm32f1xx_hal_i2c.o
 .debug_info    0x00008732      0x7d5 ./Drivers/STM32F1xx_HAL_Driver/Src/stm32f1xx_hal_rcc.o

.debug_abbrev   0x00000000     0x1d40
 .debug_abbrev  0x00000000      0x160 ./Core/Src/at24c04c.o
 .debug_abbrev  0x00000160      0x243 ./Core/Src/can.o
 .debug_abbrev  0x000003a3      0x13f ./Core/Src/gpio.o
 .debug_abbrev  0x000004e2      0x1de ./Core/Src/i2c.o
 .debug_abbrev  0x000006c0      0x2d7 ./Core/Src/main.o
 .debug_abbrev  0x00000997       0xdb ./Core/Src/stm32f1xx_hal_msp.o
 .debug_abbrev  0x00000a72      0x18d ./Core/Src/stm32f1xx_it.o
 .debug_abbrev  0x00000bff      0x13f ./Core/Src/system_stm32f1xx.o
 .debug_abbrev  0x00000d3e       0x24 ./Core/Startup/startup_stm32f103c8tx.o
 .debug_abbrev  0x00000d62      0x198 ./Drivers/AT24C04C/Src/stm32f1xx_at24c04c.o
 .debug_abbrev  0x00000efa      0x201 ./Drivers/STM32F1xx_HAL_Driver/Src/stm32f1xx_hal.o
 .debug_abbrev  0x000010fb      0x22d ./Drivers/STM32F1xx_HAL_Driver/Src/stm32f1xx_hal_can.o
 .debug_abbrev  0x00001328      0x2f8 ./Drivers/STM32F1xx_HAL_Driver/Src/stm32f1xx_hal_cortex.o
 .debug_abbrev  0x00001620      0x1ca ./Drivers/STM32F1xx_HAL_Driver/Src/stm32f1xx_hal_gpio.o
 .debug_abbrev  0x000017ea      0x2a3 ./Drivers/STM32F1xx_HAL_Driver/Src/stm32f1xx_hal_i2c.o
 .debug_abbrev  0x00001a8d      0x2b3 ./Drivers/STM32F1xx_HAL_Driver/Src/stm32f1xx_hal_rcc.o

.debug_aranges  0x00000000      0x8b0
 .debug_aranges
                0x00000000       0x20 ./Core/Src/at24c04c.o
 .debug_aranges
                0x00000020       0x30 ./Core/Src/can.o
 .debug_aranges
                0x00000050       0x20 ./Core/Src/gpio.o
 .debug_aranges
                0x00000070       0x30 ./Core/Src/i2c.o
 .debug_aranges
                0x000000a0       0x48 ./Core/Src/main.o
 .debug_aranges
                0x000000e8       0x20 ./Core/Src/stm32f1xx_hal_msp.o
 .debug_aranges
                0x00000108       0x68 ./Core/Src/stm32f1xx_it.o
 .debug_aranges
                0x00000170       0x28 ./Core/Src/system_stm32f1xx.o
 .debug_aranges
                0x00000198       0x28 ./Core/Startup/startup_stm32f103c8tx.o
 .debug_aranges
                0x000001c0       0x48 ./Drivers/AT24C04C/Src/stm32f1xx_at24c04c.o
 .debug_aranges
                0x00000208       0xe0 ./Drivers/STM32F1xx_HAL_Driver/Src/stm32f1xx_hal.o
 .debug_aranges
                0x000002e8      0x138 ./Drivers/STM32F1xx_HAL_Driver/Src/stm32f1xx_hal_can.o
 .debug_aranges
                0x00000420      0x100 ./Drivers/STM32F1xx_HAL_Driver/Src/stm32f1xx_hal_cortex.o
 .debug_aranges
                0x00000520       0x58 ./Drivers/STM32F1xx_HAL_Driver/Src/stm32f1xx_hal_gpio.o
 .debug_aranges
                0x00000578      0x2a8 ./Drivers/STM32F1xx_HAL_Driver/Src/stm32f1xx_hal_i2c.o
 .debug_aranges
                0x00000820       0x90 ./Drivers/STM32F1xx_HAL_Driver/Src/stm32f1xx_hal_rcc.o

.debug_rnglists
                0x00000000      0x690
 .debug_rnglists
                0x00000000       0x13 ./Core/Src/at24c04c.o
 .debug_rnglists
                0x00000013       0x20 ./Core/Src/can.o
 .debug_rnglists
                0x00000033       0x14 ./Core/Src/gpio.o
 .debug_rnglists
                0x00000047       0x1f ./Core/Src/i2c.o
 .debug_rnglists
                0x00000066       0x33 ./Core/Src/main.o
 .debug_rnglists
                0x00000099       0x13 ./Core/Src/stm32f1xx_hal_msp.o
 .debug_rnglists
                0x000000ac       0x49 ./Core/Src/stm32f1xx_it.o
 .debug_rnglists
                0x000000f5       0x1a ./Core/Src/system_stm32f1xx.o
 .debug_rnglists
                0x0000010f       0x19 ./Core/Startup/startup_stm32f103c8tx.o
 .debug_rnglists
                0x00000128       0x35 ./Drivers/AT24C04C/Src/stm32f1xx_at24c04c.o
 .debug_rnglists
                0x0000015d       0xa3 ./Drivers/STM32F1xx_HAL_Driver/Src/stm32f1xx_hal.o
 .debug_rnglists
                0x00000200       0xee ./Drivers/STM32F1xx_HAL_Driver/Src/stm32f1xx_hal_can.o
 .debug_rnglists
                0x000002ee       0xbb ./Drivers/STM32F1xx_HAL_Driver/Src/stm32f1xx_hal_cortex.o
 .debug_rnglists
                0x000003a9       0x3f ./Drivers/STM32F1xx_HAL_Driver/Src/stm32f1xx_hal_gpio.o
 .debug_rnglists
                0x000003e8      0x23c ./Drivers/STM32F1xx_HAL_Driver/Src/stm32f1xx_hal_i2c.o
 .debug_rnglists
                0x00000624       0x6c ./Drivers/STM32F1xx_HAL_Driver/Src/stm32f1xx_hal_rcc.o

.debug_macro    0x00000000    0x16ca7
 .debug_macro   0x00000000      0x1c0 ./Core/Src/at24c04c.o
 .debug_macro   0x000001c0      0xaa8 ./Core/Src/at24c04c.o
 .debug_macro   0x00000c68      0x21b ./Core/Src/at24c04c.o
 .debug_macro   0x00000e83       0x2e ./Core/Src/at24c04c.o
 .debug_macro   0x00000eb1       0x22 ./Core/Src/at24c04c.o
 .debug_macro   0x00000ed3       0x22 ./Core/Src/at24c04c.o
 .debug_macro   0x00000ef5       0x8e ./Core/Src/at24c04c.o
 .debug_macro   0x00000f83       0x51 ./Core/Src/at24c04c.o
 .debug_macro   0x00000fd4      0x103 ./Core/Src/at24c04c.o
 .debug_macro   0x000010d7       0x6a ./Core/Src/at24c04c.o
 .debug_macro   0x00001141      0x1df ./Core/Src/at24c04c.o
 .debug_macro   0x00001320       0x1c ./Core/Src/at24c04c.o
 .debug_macro   0x0000133c       0x22 ./Core/Src/at24c04c.o
 .debug_macro   0x0000135e       0xbd ./Core/Src/at24c04c.o
 .debug_macro   0x0000141b      0xd23 ./Core/Src/at24c04c.o
 .debug_macro   0x0000213e     0xe09e ./Core/Src/at24c04c.o
 .debug_macro   0x000101dc       0x6d ./Core/Src/at24c04c.o
 .debug_macro   0x00010249     0x348d ./Core/Src/at24c04c.o
 .debug_macro   0x000136d6      0x189 ./Core/Src/at24c04c.o
 .debug_macro   0x0001385f       0x5c ./Core/Src/at24c04c.o
 .debug_macro   0x000138bb      0x5bc ./Core/Src/at24c04c.o
 .debug_macro   0x00013e77      0x289 ./Core/Src/at24c04c.o
 .debug_macro   0x00014100      0x1cb ./Core/Src/at24c04c.o
 .debug_macro   0x000142cb      0x114 ./Core/Src/at24c04c.o
 .debug_macro   0x000143df      0x1b2 ./Core/Src/at24c04c.o
 .debug_macro   0x00014591       0x27 ./Core/Src/at24c04c.o
 .debug_macro   0x000145b8      0x136 ./Core/Src/at24c04c.o
 .debug_macro   0x000146ee      0x1bc ./Core/Src/at24c04c.o
 .debug_macro   0x000148aa       0x34 ./Core/Src/at24c04c.o
 .debug_macro   0x000148de       0x3c ./Core/Src/at24c04c.o
 .debug_macro   0x0001491a      0x408 ./Core/Src/at24c04c.o
 .debug_macro   0x00014d22       0x57 ./Core/Src/at24c04c.o
 .debug_macro   0x00014d79       0x87 ./Core/Src/at24c04c.o
 .debug_macro   0x00014e00      0x240 ./Core/Src/at24c04c.o
 .debug_macro   0x00015040      0x287 ./Core/Src/at24c04c.o
 .debug_macro   0x000152c7      0x140 ./Core/Src/at24c04c.o
 .debug_macro   0x00015407       0x83 ./Core/Src/at24c04c.o
 .debug_macro   0x0001548a      0x1b6 ./Core/Src/can.o
 .debug_macro   0x00015640      0x1b6 ./Core/Src/gpio.o
 .debug_macro   0x000157f6      0x1b6 ./Core/Src/i2c.o
 .debug_macro   0x000159ac      0x1d8 ./Core/Src/main.o
 .debug_macro   0x00015b84      0x1ac ./Core/Src/stm32f1xx_hal_msp.o
 .debug_macro   0x00015d30      0x1b6 ./Core/Src/stm32f1xx_it.o
 .debug_macro   0x00015ee6      0x198 ./Core/Src/system_stm32f1xx.o
 .debug_macro   0x0001607e      0x1a2 ./Drivers/AT24C04C/Src/stm32f1xx_at24c04c.o
 .debug_macro   0x00016220      0x1bc ./Drivers/STM32F1xx_HAL_Driver/Src/stm32f1xx_hal.o
 .debug_macro   0x000163dc      0x1a0 ./Drivers/STM32F1xx_HAL_Driver/Src/stm32f1xx_hal_can.o
 .debug_macro   0x0001657c      0x198 ./Drivers/STM32F1xx_HAL_Driver/Src/stm32f1xx_hal_cortex.o
 .debug_macro   0x00016714      0x203 ./Drivers/STM32F1xx_HAL_Driver/Src/stm32f1xx_hal_gpio.o
 .debug_macro   0x00016917      0x1e6 ./Drivers/STM32F1xx_HAL_Driver/Src/stm32f1xx_hal_i2c.o
 .debug_macro   0x00016afd      0x1aa ./Drivers/STM32F1xx_HAL_Driver/Src/stm32f1xx_hal_rcc.o

.debug_line     0x00000000     0xc29a
 .debug_line    0x00000000      0x787 ./Core/Src/at24c04c.o
 .debug_line    0x00000787      0x7e1 ./Core/Src/can.o
 .debug_line    0x00000f68      0x779 ./Core/Src/gpio.o
 .debug_line    0x000016e1      0x7d0 ./Core/Src/i2c.o
 .debug_line    0x00001eb1      0x8ce ./Core/Src/main.o
 .debug_line    0x0000277f      0x76b ./Core/Src/stm32f1xx_hal_msp.o
 .debug_line    0x00002eea      0x845 ./Core/Src/stm32f1xx_it.o
 .debug_line    0x0000372f      0x768 ./Core/Src/system_stm32f1xx.o
 .debug_line    0x00003e97       0x78 ./Core/Startup/startup_stm32f103c8tx.o
 .debug_line    0x00003f0f      0x92d ./Drivers/AT24C04C/Src/stm32f1xx_at24c04c.o
 .debug_line    0x0000483c      0x995 ./Drivers/STM32F1xx_HAL_Driver/Src/stm32f1xx_hal.o
 .debug_line    0x000051d1     0x117a ./Drivers/STM32F1xx_HAL_Driver/Src/stm32f1xx_hal_can.o
 .debug_line    0x0000634b      0xb81 ./Drivers/STM32F1xx_HAL_Driver/Src/stm32f1xx_hal_cortex.o
 .debug_line    0x00006ecc      0xa2e ./Drivers/STM32F1xx_HAL_Driver/Src/stm32f1xx_hal_gpio.o
 .debug_line    0x000078fa     0x3c02 ./Drivers/STM32F1xx_HAL_Driver/Src/stm32f1xx_hal_i2c.o
 .debug_line    0x0000b4fc      0xd9e ./Drivers/STM32F1xx_HAL_Driver/Src/stm32f1xx_hal_rcc.o

.debug_str      0x00000000    0x81104
 .debug_str     0x00000000    0x7e93c ./Core/Src/at24c04c.o
                              0x7ecfd (size before relaxing)
 .debug_str     0x0007e93c      0x63b ./Core/Src/can.o
                              0x7edf8 (size before relaxing)
 .debug_str     0x0007ef77       0x68 ./Core/Src/gpio.o
                              0x7e7f3 (size before relaxing)
 .debug_str     0x0007efdf       0x58 ./Core/Src/i2c.o
                              0x7ecad (size before relaxing)
 .debug_str     0x0007f037      0x379 ./Core/Src/main.o
                              0x7f35b (size before relaxing)
 .debug_str     0x0007f3b0       0x50 ./Core/Src/stm32f1xx_hal_msp.o
                              0x7e77b (size before relaxing)
 .debug_str     0x0007f400       0xdc ./Core/Src/stm32f1xx_it.o
                              0x7ea71 (size before relaxing)
 .debug_str     0x0007f4dc       0x7e ./Core/Src/system_stm32f1xx.o
                              0x7e782 (size before relaxing)
 .debug_str     0x0007f55a       0x44 ./Core/Startup/startup_stm32f103c8tx.o
                                 0x9e (size before relaxing)
 .debug_str     0x0007f59e       0xbf ./Drivers/AT24C04C/Src/stm32f1xx_at24c04c.o
                              0x7edbc (size before relaxing)
 .debug_str     0x0007f65d      0x384 ./Drivers/STM32F1xx_HAL_Driver/Src/stm32f1xx_hal.o
                              0x7eeb5 (size before relaxing)
 .debug_str     0x0007f9e1      0x41d ./Drivers/STM32F1xx_HAL_Driver/Src/stm32f1xx_hal_can.o
                              0x7ef82 (size before relaxing)
 .debug_str     0x0007fdfe      0x26c ./Drivers/STM32F1xx_HAL_Driver/Src/stm32f1xx_hal_cortex.o
                              0x7ee01 (size before relaxing)
 .debug_str     0x0008006a      0x2e6 ./Drivers/STM32F1xx_HAL_Driver/Src/stm32f1xx_hal_gpio.o
                              0x7eb08 (size before relaxing)
 .debug_str     0x00080350      0xbab ./Drivers/STM32F1xx_HAL_Driver/Src/stm32f1xx_hal_i2c.o
                              0x7f849 (size before relaxing)
 .debug_str     0x00080efb      0x209 ./Drivers/STM32F1xx_HAL_Driver/Src/stm32f1xx_hal_rcc.o
                              0x7ebb1 (size before relaxing)

.comment        0x00000000       0x43
 .comment       0x00000000       0x43 ./Core/Src/at24c04c.o
                                 0x44 (size before relaxing)
 .comment       0x00000043       0x44 ./Core/Src/can.o
 .comment       0x00000043       0x44 ./Core/Src/gpio.o
 .comment       0x00000043       0x44 ./Core/Src/i2c.o
 .comment       0x00000043       0x44 ./Core/Src/main.o
 .comment       0x00000043       0x44 ./Core/Src/stm32f1xx_hal_msp.o
 .comment       0x00000043       0x44 ./Core/Src/stm32f1xx_it.o
 .comment       0x00000043       0x44 ./Core/Src/system_stm32f1xx.o
 .comment       0x00000043       0x44 ./Drivers/AT24C04C/Src/stm32f1xx_at24c04c.o
 .comment       0x00000043       0x44 ./Drivers/STM32F1xx_HAL_Driver/Src/stm32f1xx_hal.o
 .comment       0x00000043       0x44 ./Drivers/STM32F1xx_HAL_Driver/Src/stm32f1xx_hal_can.o
 .comment       0x00000043       0x44 ./Drivers/STM32F1xx_HAL_Driver/Src/stm32f1xx_hal_cortex.o
 .comment       0x00000043       0x44 ./Drivers/STM32F1xx_HAL_Driver/Src/stm32f1xx_hal_gpio.o
 .comment       0x00000043       0x44 ./Drivers/STM32F1xx_HAL_Driver/Src/stm32f1xx_hal_i2c.o
 .comment       0x00000043       0x44 ./Drivers/STM32F1xx_HAL_Driver/Src/stm32f1xx_hal_rcc.o

.debug_frame    0x00000000     0x21ec
 .debug_frame   0x00000000       0x2c ./Core/Src/at24c04c.o
 .debug_frame   0x0000002c       0x74 ./Core/Src/can.o
 .debug_frame   0x000000a0       0x34 ./Core/Src/gpio.o
 .debug_frame   0x000000d4       0x74 ./Core/Src/i2c.o
 .debug_frame   0x00000148       0xcc ./Core/Src/main.o
 .debug_frame   0x00000214       0x38 ./Core/Src/stm32f1xx_hal_msp.o
 .debug_frame   0x0000024c      0x120 ./Core/Src/stm32f1xx_it.o
 .debug_frame   0x0000036c       0x58 ./Core/Src/system_stm32f1xx.o
 .debug_frame   0x000003c4       0xf8 ./Drivers/AT24C04C/Src/stm32f1xx_at24c04c.o
 .debug_frame   0x000004bc      0x334 ./Drivers/STM32F1xx_HAL_Driver/Src/stm32f1xx_hal.o
 .debug_frame   0x000007f0      0x5a0 ./Drivers/STM32F1xx_HAL_Driver/Src/stm32f1xx_hal_can.o
 .debug_frame   0x00000d90      0x428 ./Drivers/STM32F1xx_HAL_Driver/Src/stm32f1xx_hal_cortex.o
 .debug_frame   0x000011b8      0x14c ./Drivers/STM32F1xx_HAL_Driver/Src/stm32f1xx_hal_gpio.o
 .debug_frame   0x00001304      0xc84 ./Drivers/STM32F1xx_HAL_Driver/Src/stm32f1xx_hal_i2c.o
 .debug_frame   0x00001f88      0x218 ./Drivers/STM32F1xx_HAL_Driver/Src/stm32f1xx_hal_rcc.o
 .debug_frame   0x000021a0       0x20 C:/ST/STM32CubeIDE_1.13.2/STM32CubeIDE/plugins/com.st.stm32cube.ide.mcu.externaltools.gnu-tools-for-stm32.12.3.rel1.win32_1.0.100.202403111256/tools/bin/../lib/gcc/arm-none-eabi/12.3.1/../../../../arm-none-eabi/lib/thumb/v7-m/nofp\libc_nano.a(libc_a-memset.o)
 .debug_frame   0x000021c0       0x2c C:/ST/STM32CubeIDE_1.13.2/STM32CubeIDE/plugins/com.st.stm32cube.ide.mcu.externaltools.gnu-tools-for-stm32.12.3.rel1.win32_1.0.100.202403111256/tools/bin/../lib/gcc/arm-none-eabi/12.3.1/../../../../arm-none-eabi/lib/thumb/v7-m/nofp\libc_nano.a(libc_a-init.o)

.debug_line_str
                0x00000000       0x82
 .debug_line_str
                0x00000000       0x82 ./Core/Startup/startup_stm32f103c8tx.o
