17:06:18 **** Incremental Build of configuration Debug for project STM32-SPI_STEP_DIR ****
make -j16 all 
arm-none-eabi-gcc "../Core/Src/main.c" -mcpu=cortex-m3 -std=gnu11 -g3 -DDEBUG -DUSE_HAL_DRIVER -DSTM32F103xB -c -I../Core/Inc -I../Drivers/STM32F1xx_HAL_Driver/Inc/Legacy -I../Drivers/STM32F1xx_HAL_Driver/Inc -I../Drivers/CMSIS/Device/ST/STM32F1xx/Include -I../Drivers/CMSIS/Include -O0 -ffunction-sections -fdata-sections -Wall -fstack-usage -fcyclomatic-complexity -MMD -MP -MF"Core/Src/main.d" -MT"Core/Src/main.o" --specs=nano.specs -mfloat-abi=soft -mthumb -o "Core/Src/main.o"
../Core/Src/main.c: In function 'main':
../Core/Src/main.c:128:23: warning: variable 'spi_status' set but not used [-Wunused-but-set-variable]
  128 |     HAL_StatusTypeDef spi_status;
      |                       ^~~~~~~~~~
arm-none-eabi-gcc -o "STM32-SPI_STEP_DIR.elf" @"objects.list"   -mcpu=cortex-m3 -T"/home/veerash/maxwell/firmware/SMRCC/elec_validation/STM32-SPI_STEP_DIR/STM32F103C8TX_FLASH.ld" --specs=nosys.specs -Wl,-Map="STM32-SPI_STEP_DIR.map" -Wl,--gc-sections -static --specs=nano.specs -mfloat-abi=soft -mthumb -Wl,--start-group -lc -lm -Wl,--end-group
/opt/st/stm32cubeide_1.15.0/plugins/com.st.stm32cube.ide.mcu.externaltools.gnu-tools-for-stm32.12.3.rel1.linux64_1.0.100.202403111256/tools/bin/../lib/gcc/arm-none-eabi/12.3.1/../../../../arm-none-eabi/bin/ld: warning: STM32-SPI_STEP_DIR.elf has a LOAD segment with RWX permissions
Finished building target: STM32-SPI_STEP_DIR.elf
 
arm-none-eabi-size  STM32-SPI_STEP_DIR.elf 
arm-none-eabi-objdump -h -S STM32-SPI_STEP_DIR.elf  > "STM32-SPI_STEP_DIR.list"
   text	   data	    bss	    dec	    hex	filename
   7180	     20	   1660	   8860	   229c	STM32-SPI_STEP_DIR.elf
Finished building: default.size.stdout
 
Finished building: STM32-SPI_STEP_DIR.list
 

17:06:18 Build Finished. 0 errors, 2 warnings. (took 593ms)

