C:/Users/Ethan/Documents/Repos/maxwell/firmware/STM32 Drivers/TMC_2590/Drivers/TMC_2590/Src/stm32f1xx_tmc_2590.c:12:24:TMC_2590_Init	24	static
C:/Users/Ethan/Documents/Repos/maxwell/firmware/STM32 Drivers/TMC_2590/Drivers/TMC_2590/Src/stm32f1xx_tmc_2590.c:102:24:TMC_2590_DeInit	16	static
C:/Users/Ethan/Documents/Repos/maxwell/firmware/STM32 Drivers/TMC_2590/Drivers/TMC_2590/Src/stm32f1xx_tmc_2590.c:138:24:TMC_2590_WriteConfRegisters	16	static
C:/Users/Ethan/Documents/Repos/maxwell/firmware/STM32 Drivers/TMC_2590/Drivers/TMC_2590/Src/stm32f1xx_tmc_2590.c:174:24:TMC_2590_MoveSteps	24	static
C:/Users/Ethan/Documents/Repos/maxwell/firmware/STM32 Drivers/TMC_2590/Drivers/TMC_2590/Src/stm32f1xx_tmc_2590.c:255:24:TMC_2590_SG_Read	16	static
C:/Users/Ethan/Documents/Repos/maxwell/firmware/STM32 Drivers/TMC_2590/Drivers/TMC_2590/Src/stm32f1xx_tmc_2590.c:271:6:TMC_2590_TIM_PWM_PulseFinishedCallback	16	static
C:/Users/Ethan/Documents/Repos/maxwell/firmware/STM32 Drivers/TMC_2590/Drivers/TMC_2590/Src/stm32f1xx_tmc_2590.c:278:24:__send_conf_registers	24	static
C:/Users/Ethan/Documents/Repos/maxwell/firmware/STM32 Drivers/TMC_2590/Drivers/TMC_2590/Src/stm32f1xx_tmc_2590.c:357:6:__word_to_spi_order_buffer	16	static
C:/Users/Ethan/Documents/Repos/maxwell/firmware/STM32 Drivers/TMC_2590/Drivers/TMC_2590/Src/stm32f1xx_tmc_2590.c:365:10:__spi_order_buffer_to_word	16	static
C:/Users/Ethan/Documents/Repos/maxwell/firmware/STM32 Drivers/TMC_2590/Drivers/TMC_2590/Src/stm32f1xx_tmc_2590.c:371:19:__send_spi_packet	40	static
C:/Users/Ethan/Documents/Repos/maxwell/firmware/STM32 Drivers/TMC_2590/Drivers/TMC_2590/Src/stm32f1xx_tmc_2590.c:387:6:__set_drvstatus_struct	24	static
