../Core/Src/main.c:75:6:setupTxCAN	4	static
../Core/Src/main.c:94:6:setupRxCAN	8	static
../Core/Src/main.c:111:6:txCAN	16	static
../Core/Src/main.c:121:6:HAL_CAN_RxFifo0MsgPendingCallback	16	static
../Core/Src/main.c:168:10:getUs	24	static
../Core/Src/main.c:182:6:delayUs	24	static,ignoring_inline_asm
../Core/Src/main.c:197:5:main	40	static
../Core/Src/main.c:423:6:SystemClock_Config	72	static
../Core/Src/main.c:463:13:MX_CAN_Init	8	static
../Core/Src/main.c:505:13:MX_SPI1_Init	8	static
../Core/Src/main.c:543:13:MX_GPIO_Init	40	static
../Core/Src/main.c:595:6:HAL_GPIO_EXTI_Callback	16	static
../Core/Src/main.c:617:6:Error_Handler	16	static,ignoring_inline_asm
