../Core/Src/main.c:75:6:setupTxCAN	4	static
../Core/Src/main.c:93:6:setupRxCAN	8	static
../Core/Src/main.c:109:6:txCAN	16	static
../Core/Src/main.c:117:6:txSPI	24	static
../Core/Src/main.c:168:6:HAL_CAN_RxFifo0MsgPendingCallback	16	static
../Core/Src/main.c:187:5:main	64	static
../Core/Src/main.c:391:6:SystemClock_Config	72	static
../Core/Src/main.c:431:13:MX_CAN_Init	8	static
../Core/Src/main.c:473:13:MX_SPI1_Init	8	static
../Core/Src/main.c:511:13:MX_SPI2_Init	8	static
../Core/Src/main.c:549:13:MX_GPIO_Init	48	static
../Core/Src/main.c:604:6:Error_Handler	4	static,ignoring_inline_asm
