../Core/Src/can.c:48:6:MX_CAN_Init	8	static
../Core/Src/can.c:80:6:HAL_CAN_MspInit	40	static
../Core/Src/can.c:116:6:HAL_CAN_MspDeInit	16	static
../Core/Src/can.c:143:6:HAL_CAN_RxFifo0MsgPendingCallback	16	static
../Core/Src/can.c:165:6:_setupTxCAN	4	static
../Core/Src/can.c:184:6:_setupRxCAN	8	static
../Core/Src/can.c:190:6:_setupRxFilter	8	static
../Core/Src/can.c:206:19:_txCAN	16	static
../Core/Src/can.c:218:12:CAN_Initialize	8	static
../Core/Src/can.c:230:12:CAN_ConfigFilterId	16	static
../Core/Src/can.c:237:12:CAN_ResetFilter	8	static
../Core/Src/can.c:249:12:CAN_Send	16	static
../Core/Src/can.c:270:12:CAN_RegisterReceiveCallback	16	static
../Core/Src/can.c:289:12:CAN_Deinitialize	8	static
