../Core/Src/spi.c:39:6:MX_SPI1_Init	8	static
../Core/Src/spi.c:71:6:MX_SPI2_Init	8	static
../Core/Src/spi.c:103:6:HAL_SPI_MspInit	48	static
../Core/Src/spi.c:165:6:HAL_SPI_MspDeInit	16	static
../Core/Src/spi.c:212:6:_prepareDriverTransmit	40	static
../Core/Src/spi.c:297:19:_transmitReceiveDriver_3Bytes	24	static
../Core/Src/spi.c:315:16:STEPPER_Initialize	8	static
../Core/Src/spi.c:326:16:STEPPER_WriteRegisterConfig	16	static
../Core/Src/spi.c:404:16:STEPPER_ReadRegisterConfig	16	static
../Core/Src/spi.c:450:16:STEPPER_ReadRegisterResponse	16	static
../Core/Src/spi.c:474:16:STEPPER_StartStep	8	static
../Core/Src/spi.c:484:16:STEPPER_StopStep	8	static
../Core/Src/spi.c:494:16:STEPPER_AdjustStepSpeed	24	static
../Core/Src/spi.c:512:16:STEPPER_SetDirection	16	static
../Core/Src/spi.c:537:16:STEPPER_Deinitialize	8	static
